Archive member included to satisfy reference by file (symbol)

/Applications/STM32CubeIDE.app/Contents/Eclipse/plugins/com.st.stm32cube.ide.mcu.externaltools.gnu-tools-for-stm32.13.3.rel1.macos64_1.0.100.202509120712/tools/bin/../lib/gcc/arm-none-eabi/13.3.1/../../../../arm-none-eabi/lib/thumb/v8-m.main+fp/hard/libc_nano.a(libc_a-exit.o)
                              /Applications/STM32CubeIDE.app/Contents/Eclipse/plugins/com.st.stm32cube.ide.mcu.externaltools.gnu-tools-for-stm32.13.3.rel1.macos64_1.0.100.202509120712/tools/bin/../lib/gcc/arm-none-eabi/13.3.1/../../../../arm-none-eabi/lib/thumb/v8-m.main+fp/hard/crt0.o (exit)
/Applications/STM32CubeIDE.app/Contents/Eclipse/plugins/com.st.stm32cube.ide.mcu.externaltools.gnu-tools-for-stm32.13.3.rel1.macos64_1.0.100.202509120712/tools/bin/../lib/gcc/arm-none-eabi/13.3.1/../../../../arm-none-eabi/lib/thumb/v8-m.main+fp/hard/libc_nano.a(libc_a-findfp.o)
                              /Applications/STM32CubeIDE.app/Contents/Eclipse/plugins/com.st.stm32cube.ide.mcu.externaltools.gnu-tools-for-stm32.13.3.rel1.macos64_1.0.100.202509120712/tools/bin/../lib/gcc/arm-none-eabi/13.3.1/../../../../arm-none-eabi/lib/thumb/v8-m.main+fp/hard/libc_nano.a(libc_a-exit.o) (__stdio_exit_handler)
/Applications/STM32CubeIDE.app/Contents/Eclipse/plugins/com.st.stm32cube.ide.mcu.externaltools.gnu-tools-for-stm32.13.3.rel1.macos64_1.0.100.202509120712/tools/bin/../lib/gcc/arm-none-eabi/13.3.1/../../../../arm-none-eabi/lib/thumb/v8-m.main+fp/hard/libc_nano.a(libc_a-fwalk.o)
                              /Applications/STM32CubeIDE.app/Contents/Eclipse/plugins/com.st.stm32cube.ide.mcu.externaltools.gnu-tools-for-stm32.13.3.rel1.macos64_1.0.100.202509120712/tools/bin/../lib/gcc/arm-none-eabi/13.3.1/../../../../arm-none-eabi/lib/thumb/v8-m.main+fp/hard/libc_nano.a(libc_a-findfp.o) (_fwalk_sglue)
/Applications/STM32CubeIDE.app/Contents/Eclipse/plugins/com.st.stm32cube.ide.mcu.externaltools.gnu-tools-for-stm32.13.3.rel1.macos64_1.0.100.202509120712/tools/bin/../lib/gcc/arm-none-eabi/13.3.1/../../../../arm-none-eabi/lib/thumb/v8-m.main+fp/hard/libc_nano.a(libc_a-memset.o)
                              /Applications/STM32CubeIDE.app/Contents/Eclipse/plugins/com.st.stm32cube.ide.mcu.externaltools.gnu-tools-for-stm32.13.3.rel1.macos64_1.0.100.202509120712/tools/bin/../lib/gcc/arm-none-eabi/13.3.1/../../../../arm-none-eabi/lib/thumb/v8-m.main+fp/hard/crt0.o (memset)
/Applications/STM32CubeIDE.app/Contents/Eclipse/plugins/com.st.stm32cube.ide.mcu.externaltools.gnu-tools-for-stm32.13.3.rel1.macos64_1.0.100.202509120712/tools/bin/../lib/gcc/arm-none-eabi/13.3.1/../../../../arm-none-eabi/lib/thumb/v8-m.main+fp/hard/libc_nano.a(libc_a-errno.o)
                              ./Core/Src/syscalls.o (__errno)
/Applications/STM32CubeIDE.app/Contents/Eclipse/plugins/com.st.stm32cube.ide.mcu.externaltools.gnu-tools-for-stm32.13.3.rel1.macos64_1.0.100.202509120712/tools/bin/../lib/gcc/arm-none-eabi/13.3.1/../../../../arm-none-eabi/lib/thumb/v8-m.main+fp/hard/libc_nano.a(libc_a-init.o)
                              /Applications/STM32CubeIDE.app/Contents/Eclipse/plugins/com.st.stm32cube.ide.mcu.externaltools.gnu-tools-for-stm32.13.3.rel1.macos64_1.0.100.202509120712/tools/bin/../lib/gcc/arm-none-eabi/13.3.1/../../../../arm-none-eabi/lib/thumb/v8-m.main+fp/hard/crt0.o (__libc_init_array)
/Applications/STM32CubeIDE.app/Contents/Eclipse/plugins/com.st.stm32cube.ide.mcu.externaltools.gnu-tools-for-stm32.13.3.rel1.macos64_1.0.100.202509120712/tools/bin/../lib/gcc/arm-none-eabi/13.3.1/../../../../arm-none-eabi/lib/thumb/v8-m.main+fp/hard/libc_nano.a(libc_a-lock.o)
                              /Applications/STM32CubeIDE.app/Contents/Eclipse/plugins/com.st.stm32cube.ide.mcu.externaltools.gnu-tools-for-stm32.13.3.rel1.macos64_1.0.100.202509120712/tools/bin/../lib/gcc/arm-none-eabi/13.3.1/../../../../arm-none-eabi/lib/thumb/v8-m.main+fp/hard/libc_nano.a(libc_a-findfp.o) (__retarget_lock_init_recursive)
/Applications/STM32CubeIDE.app/Contents/Eclipse/plugins/com.st.stm32cube.ide.mcu.externaltools.gnu-tools-for-stm32.13.3.rel1.macos64_1.0.100.202509120712/tools/bin/../lib/gcc/arm-none-eabi/13.3.1/../../../../arm-none-eabi/lib/thumb/v8-m.main+fp/hard/libc_nano.a(libc_a-impure.o)
                              /Applications/STM32CubeIDE.app/Contents/Eclipse/plugins/com.st.stm32cube.ide.mcu.externaltools.gnu-tools-for-stm32.13.3.rel1.macos64_1.0.100.202509120712/tools/bin/../lib/gcc/arm-none-eabi/13.3.1/../../../../arm-none-eabi/lib/thumb/v8-m.main+fp/hard/libc_nano.a(libc_a-errno.o) (_impure_ptr)
/Applications/STM32CubeIDE.app/Contents/Eclipse/plugins/com.st.stm32cube.ide.mcu.externaltools.gnu-tools-for-stm32.13.3.rel1.macos64_1.0.100.202509120712/tools/bin/../lib/gcc/arm-none-eabi/13.3.1/../../../../arm-none-eabi/lib/thumb/v8-m.main+fp/hard/libc_nano.a(libc_a-mallocr.o)
[...]
Memory Configuration

Name             Origin             Length             Attributes
RAM              0x20000000         0x000a0000         xrw
FLASH            0x08000000         0x00200000         xr
*default*        0x00000000         0xffffffff

Linker script and memory map

LOAD /Applications/STM32CubeIDE.app/Contents/Eclipse/plugins/com.st.stm32cube.ide.mcu.externaltools.gnu-tools-for-stm32.13.3.rel1.macos64_1.0.100.202509120712/tools/bin/../lib/gcc/arm-none-eabi/13.3.1/thumb/v8-m.main+fp/hard/crti.o
LOAD /Applications/STM32CubeIDE.app/Contents/Eclipse/plugins/com.st.stm32cube.ide.mcu.externaltools.gnu-tools-for-stm32.13.3.rel1.macos64_1.0.100.202509120712/tools/bin/../lib/gcc/arm-none-eabi/13.3.1/thumb/v8-m.main+fp/hard/crtbegin.o
LOAD /Applications/STM32CubeIDE.app/Contents/Eclipse/plugins/com.st.stm32cube.ide.mcu.externaltools.gnu-tools-for-stm32.13.3.rel1.macos64_1.0.100.202509120712/tools/bin/../lib/gcc/arm-none-eabi/13.3.1/../../../../arm-none-eabi/lib/thumb/v8-m.main+fp/hard/crt0.o
LOAD ./Core/Src/main.o
LOAD ./Core/Src/stm32h5xx_hal_msp.o
LOAD ./Core/Src/stm32h5xx_it.o
LOAD ./Core/Src/syscalls.o
LOAD ./Core/Src/sysmem.o
LOAD ./Core/Src/system_stm32h5xx.o
LOAD ./Core/Startup/startup_stm32h563ritx.o
LOAD ./Drivers/STM32H5xx_HAL_Driver/Src/stm32h5xx_hal.o
LOAD ./Drivers/STM32H5xx_HAL_Driver/Src/stm32h5xx_hal_cortex.o
LOAD ./Drivers/STM32H5xx_HAL_Driver/Src/stm32h5xx_hal_dma.o
LOAD ./Drivers/STM32H5xx_HAL_Driver/Src/stm32h5xx_hal_dma_ex.o
LOAD ./Drivers/STM32H5xx_HAL_Driver/Src/stm32h5xx_hal_exti.o
LOAD ./Drivers/STM32H5xx_HAL_Driver/Src/stm32h5xx_hal_fdcan.o
LOAD ./Drivers/STM32H5xx_HAL_Driver/Src/stm32h5xx_hal_flash.o
LOAD ./Drivers/STM32H5xx_HAL_Driver/Src/stm32h5xx_hal_flash_ex.o
LOAD ./Drivers/STM32H5xx_HAL_Driver/Src/stm32h5xx_hal_gpio.o
LOAD ./Drivers/STM32H5xx_HAL_Driver/Src/stm32h5xx_hal_icache.o
LOAD ./Drivers/STM32H5xx_HAL_Driver/Src/stm32h5xx_hal_pwr.o
LOAD ./Drivers/STM32H5xx_HAL_Driver/Src/stm32h5xx_hal_pwr_ex.o
LOAD ./Drivers/STM32H5xx_HAL_Driver/Src/stm32h5xx_hal_rcc.o
LOAD ./Drivers/STM32H5xx_HAL_Driver/Src/stm32h5xx_hal_rcc_ex.o
START GROUP
LOAD /Applications/STM32CubeIDE.app/Contents/Eclipse/plugins/com.st.stm32cube.ide.mcu.externaltools.gnu-tools-for-stm32.13.3.rel1.macos64_1.0.100.202509120712/tools/bin/../lib/gcc/arm-none-eabi/13.3.1/../../../../arm-none-eabi/lib/thumb/v8-m.main+fp/hard/libc_nano.a
LOAD /Applications/STM32CubeIDE.app/Contents/Eclipse/plugins/com.st.stm32cube.ide.mcu.externaltools.gnu-tools-for-stm32.13.3.rel1.macos64_1.0.100.202509120712/tools/bin/../lib/gcc/arm-none-eabi/13.3.1/../../../../arm-none-eabi/lib/thumb/v8-m.main+fp/hard/libm.a
END GROUP
START GROUP
LOAD /Applications/STM32CubeIDE.app/Contents/Eclipse/plugins/com.st.stm32cube.ide.mcu.externaltools.gnu-tools-for-stm32.13.3.rel1.macos64_1.0.100.202509120712/tools/bin/../lib/gcc/arm-none-eabi/13.3.1/thumb/v8-m.main+fp/hard/libgcc.a
LOAD /Applications/STM32CubeIDE.app/Contents/Eclipse/plugins/com.st.stm32cube.ide.mcu.externaltools.gnu-tools-for-stm32.13.3.rel1.macos64_1.0.100.202509120712/tools/bin/../lib/gcc/arm-none-eabi/13.3.1/../../../../arm-none-eabi/lib/thumb/v8-m.main+fp/hard/libc_nano.a
END GROUP
START GROUP
LOAD /Applications/STM32CubeIDE.app/Contents/Eclipse/plugins/com.st.stm32cube.ide.mcu.externaltools.gnu-tools-for-stm32.13.3.rel1.macos64_1.0.100.202509120712/tools/bin/../lib/gcc/arm-none-eabi/13.3.1/thumb/v8-m.main+fp/hard/libgcc.a
LOAD /Applications/STM32CubeIDE.app/Contents/Eclipse/plugins/com.st.stm32cube.ide.mcu.externaltools.gnu-tools-for-stm32.13.3.rel1.macos64_1.0.100.202509120712/tools/bin/../lib/gcc/arm-none-eabi/13.3.1/../../../../arm-none-eabi/lib/thumb/v8-m.main+fp/hard/libc_nano.a
LOAD /Applications/STM32CubeIDE.app/Contents/Eclipse/plugins/com.st.stm32cube.ide.mcu.externaltools.gnu-tools-for-stm32.13.3.rel1.macos64_1.0.100.202509120712/tools/bin/../lib/gcc/arm-none-eabi/13.3.1/../../../../arm-none-eabi/lib/thumb/v8-m.main+fp/hard/libnosys.a
END GROUP
START GROUP
LOAD /Applications/STM32CubeIDE.app/Contents/Eclipse/plugins/com.st.stm32cube.ide.mcu.externaltools.gnu-tools-for-stm32.13.3.rel1.macos64_1.0.100.202509120712/tools/bin/../lib/gcc/arm-none-eabi/13.3.1/thumb/v8-m.main+fp/hard/libgcc.a
LOAD /Applications/STM32CubeIDE.app/Contents/Eclipse/plugins/com.st.stm32cube.ide.mcu.externaltools.gnu-tools-for-stm32.13.3.rel1.macos64_1.0.100.202509120712/tools/bin/../lib/gcc/arm-none-eabi/13.3.1/../../../../arm-none-eabi/lib/thumb/v8-m.main+fp/hard/libc_nano.a
LOAD /Applications/STM32CubeIDE.app/Contents/Eclipse/plugins/com.st.stm32cube.ide.mcu.externaltools.gnu-tools-for-stm32.13.3.rel1.macos64_1.0.100.202509120712/tools/bin/../lib/gcc/arm-none-eabi/13.3.1/../../../../arm-none-eabi/lib/thumb/v8-m.main+fp/hard/libnosys.a
END GROUP
LOAD /Applications/STM32CubeIDE.app/Contents/Eclipse/plugins/com.st.stm32cube.ide.mcu.externaltools.gnu-tools-for-stm32.13.3.rel1.macos64_1.0.100.202509120712/tools/bin/../lib/gcc/arm-none-eabi/13.3.1/thumb/v8-m.main+fp/hard/crtend.o
LOAD /Applications/STM32CubeIDE.app/Contents/Eclipse/plugins/com.st.stm32cube.ide.mcu.externaltools.gnu-tools-for-stm32.13.3.rel1.macos64_1.0.100.202509120712/tools/bin/../lib/gcc/arm-none-eabi/13.3.1/thumb/v8-m.main+fp/hard/crtn.o
                0x200a0000                        _estack = (ORIGIN (RAM) + LENGTH (RAM))
                0x2009fc00                        _sstack = (_estack - _Min_Stack_Size)
                0x00000200                        _Min_Heap_Size = 0x200
                0x00000400                        _Min_Stack_Size = 0x400

.isr_vector     0x08000000      0x24c
                0x08000000                        . = ALIGN (0x4)
 *(.isr_vector)
 .isr_vector    0x08000000      0x24c ./Core/Startup/startup_stm32h563ritx.o
                0x08000000                g_pfnVectors
                0x0800024c                        . = ALIGN (0x4)

.text           0x0800024c     0x472c
                0x0800024c                        . = ALIGN (0x4)
 *(.text)
 .text          0x0800024c       0x40 /Applications/STM32CubeIDE.app/Contents/Eclipse/plugins/com.st.stm32cube.ide.mcu.externaltools.gnu-tools-for-stm32.13.3.rel1.macos64_1.0.100.202509120712/tools/bin/../lib/gcc/arm-none-eabi/13.3.1/thumb/v8-m.main+fp/hard/crtbegin.o
 *(.text*)
 .text.main     0x0800028c       0x20 ./Core/Src/main.o
                0x0800028c                main
 .text.SystemClock_Config
                0x080002ac       0xc8 ./Core/Src/main.o
                0x080002ac                SystemClock_Config
 .text.MX_FDCAN1_Init
                0x08000374       0x8c ./Core/Src/main.o
 .text.MX_ICACHE_Init
                0x08000400       0x26 ./Core/Src/main.o
 *fill*         0x08000426        0x2 
 .text.MX_GPIO_Init
                0x08000428       0xa8 ./Core/Src/main.o
 .text.MPU_Config
                0x080004d0       0x6c ./Core/Src/main.o
 .text.Error_Handler
                0x0800053c        0xc ./Core/Src/main.o
                0x0800053c                Error_Handler
 .text.HAL_MspInit
                0x08000548        0xe ./Core/Src/stm32h5xx_hal_msp.o
                0x08000548                HAL_MspInit
 *fill*         0x08000556        0x2 
 .text.HAL_FDCAN_MspInit
                0x08000558      0x1ac ./Core/Src/stm32h5xx_hal_msp.o
                0x08000558                HAL_FDCAN_MspInit
 .text.NMI_Handler
                0x08000704        0x8 ./Core/Src/stm32h5xx_it.o
                0x08000704                NMI_Handler
 .text.HardFault_Handler
                0x0800070c        0x8 ./Core/Src/stm32h5xx_it.o
                0x0800070c                HardFault_Handler
 .text.MemManage_Handler
                0x08000714        0x8 ./Core/Src/stm32h5xx_it.o
                0x08000714                MemManage_Handler
 .text.BusFault_Handler
                0x0800071c        0x8 ./Core/Src/stm32h5xx_it.o
                0x0800071c                BusFault_Handler
 .text.UsageFault_Handler
                0x08000724        0x8 ./Core/Src/stm32h5xx_it.o
                0x08000724                UsageFault_Handler
 .text.SVC_Handler
                0x0800072c        0xe ./Core/Src/stm32h5xx_it.o
                0x0800072c                SVC_Handler
 .text.DebugMon_Handler
                0x0800073a        0xe ./Core/Src/stm32h5xx_it.o
                0x0800073a                DebugMon_Handler
 .text.PendSV_Handler
                0x08000748        0xe ./Core/Src/stm32h5xx_it.o
                0x08000748                PendSV_Handler
 .text.SysTick_Handler
                0x08000756        0xc ./Core/Src/stm32h5xx_it.o
                0x08000756                SysTick_Handler
 *fill*         0x08000762        0x2 
 .text.FDCAN1_IT0_IRQHandler
                0x08000764       0x14 ./Core/Src/stm32h5xx_it.o
                0x08000764                FDCAN1_IT0_IRQHandler
 .text.SystemInit
                0x08000778      0x100 ./Core/Src/system_stm32h5xx.o
                0x08000778                SystemInit
 .text.Reset_Handler
                0x08000878       0x5c ./Core/Startup/startup_stm32h563ritx.o
                0x08000878                Reset_Handler
 .text.Default_Handler
                0x080008d4        0x2 ./Core/Startup/startup_stm32h563ritx.o
                0x080008d4                HASH_IRQHandler
                0x080008d4                TIM8_TRG_COM_IRQHandler
                0x080008d4                TIM8_CC_IRQHandler
                0x080008d4                EXTI5_IRQHandler
                0x080008d4                I3C1_ER_IRQHandler
                0x080008d4                UART8_IRQHandler
                0x080008d4                SPI4_IRQHandler
                0x080008d4                GPDMA2_Channel1_IRQHandler
                0x080008d4                FLASH_S_IRQHandler
                0x080008d4                EXTI13_IRQHandler
                0x080008d4                TIM1_CC_IRQHandler
                0x080008d4                GPDMA2_Channel3_IRQHandler
                0x080008d4                TAMP_IRQHandler
                0x080008d4                TIM6_IRQHandler
                0x080008d4                EXTI12_IRQHandler
                0x080008d4                CORDIC_IRQHandler
                0x080008d4                USB_DRD_FS_IRQHandler
                0x080008d4                EXTI3_IRQHandler
                0x080008d4                LPTIM4_IRQHandler
                0x080008d4                GPDMA1_Channel5_IRQHandler
                0x080008d4                EXTI8_IRQHandler
                0x080008d4                GPDMA2_Channel5_IRQHandler
                0x080008d4                LPTIM2_IRQHandler
                0x080008d4                I2C3_ER_IRQHandler
                0x080008d4                GPDMA2_Channel2_IRQHandler
                0x080008d4                USART10_IRQHandler
                0x080008d4                LPTIM3_IRQHandler
                0x080008d4                EXTI0_IRQHandler
                0x080008d4                I2C2_EV_IRQHandler
                0x080008d4                FPU_IRQHandler
                0x080008d4                GPDMA1_Channel3_IRQHandler
                0x080008d4                GPDMA1_Channel7_IRQHandler
                0x080008d4                FDCAN1_IT1_IRQHandler
                0x080008d4                RAMCFG_IRQHandler
                0x080008d4                DCACHE1_IRQHandler
                0x080008d4                SPI1_IRQHandler
                0x080008d4                OCTOSPI1_IRQHandler
                0x080008d4                GPDMA1_Channel2_IRQHandler
                0x080008d4                TIM8_UP_IRQHandler
                0x080008d4                RCC_S_IRQHandler
                0x080008d4                SAI2_IRQHandler
                0x080008d4                ADC1_IRQHandler
                0x080008d4                USART6_IRQHandler
                0x080008d4                EXTI15_IRQHandler
                0x080008d4                TIM17_IRQHandler
                0x080008d4                USART3_IRQHandler
                0x080008d4                RTC_IRQHandler
                0x080008d4                EXTI9_IRQHandler
                0x080008d4                LPTIM5_IRQHandler
                0x080008d4                UART5_IRQHandler
                0x080008d4                TIM4_IRQHandler
                0x080008d4                I2C1_EV_IRQHandler
                0x080008d4                GPDMA1_Channel1_IRQHandler
                0x080008d4                TIM16_IRQHandler
                0x080008d4                UART4_IRQHandler
                0x080008d4                SecureFault_Handler
                0x080008d4                TIM3_IRQHandler
                0x080008d4                RCC_IRQHandler
                0x080008d4                UART9_IRQHandler
                0x080008d4                TIM1_TRG_COM_IRQHandler
                0x080008d4                Default_Handler
                0x080008d4                FMAC_IRQHandler
                0x080008d4                CEC_IRQHandler
                0x080008d4                USART11_IRQHandler
                0x080008d4                TIM14_IRQHandler
                0x080008d4                TIM13_IRQHandler
                0x080008d4                GPDMA2_Channel4_IRQHandler
                0x080008d4                SPI5_IRQHandler
                0x080008d4                TIM12_IRQHandler
                0x080008d4                TIM7_IRQHandler
                0x080008d4                SDMMC1_IRQHandler
                0x080008d4                TIM5_IRQHandler
                0x080008d4                UCPD1_IRQHandler
                0x080008d4                GPDMA1_Channel0_IRQHandler
                0x080008d4                I3C1_EV_IRQHandler
                0x080008d4                TIM15_IRQHandler
                0x080008d4                PVD_AVD_IRQHandler
                0x080008d4                I2C3_EV_IRQHandler
                0x080008d4                ETH_WKUP_IRQHandler
                0x080008d4                ADC2_IRQHandler
                0x080008d4                SPI2_IRQHandler
                0x080008d4                EXTI14_IRQHandler
                0x080008d4                EXTI11_IRQHandler
                0x080008d4                CRS_IRQHandler
                0x080008d4                EXTI4_IRQHandler
                0x080008d4                GPDMA2_Channel0_IRQHandler
                0x080008d4                RTC_S_IRQHandler
                0x080008d4                RNG_IRQHandler
                0x080008d4                FDCAN2_IT1_IRQHandler
                0x080008d4                ETH_IRQHandler
                0x080008d4                GPDMA2_Channel6_IRQHandler
                0x080008d4                TIM1_UP_IRQHandler
                0x080008d4                UART12_IRQHandler
                0x080008d4                WWDG_IRQHandler
                0x080008d4                SPI6_IRQHandler
                0x080008d4                I2C4_EV_IRQHandler
                0x080008d4                FDCAN2_IT0_IRQHandler
                0x080008d4                IWDG_IRQHandler
                0x080008d4                LPUART1_IRQHandler
                0x080008d4                TIM2_IRQHandler
                0x080008d4                GPDMA1_Channel4_IRQHandler
                0x080008d4                EXTI7_IRQHandler
                0x080008d4                TIM1_BRK_IRQHandler
                0x080008d4                EXTI1_IRQHandler
                0x080008d4                SDMMC2_IRQHandler
                0x080008d4                LPTIM6_IRQHandler
                0x080008d4                DAC1_IRQHandler
                0x080008d4                DTS_IRQHandler
                0x080008d4                UART7_IRQHandler
                0x080008d4                GTZC_IRQHandler
                0x080008d4                USART2_IRQHandler
                0x080008d4                GPDMA1_Channel6_IRQHandler
                0x080008d4                GPDMA2_Channel7_IRQHandler
                0x080008d4                I2C2_ER_IRQHandler
                0x080008d4                TIM8_BRK_IRQHandler
                0x080008d4                FLASH_IRQHandler
                0x080008d4                USART1_IRQHandler
                0x080008d4                EXTI10_IRQHandler
                0x080008d4                SPI3_IRQHandler
                0x080008d4                I2C1_ER_IRQHandler
                0x080008d4                FMC_IRQHandler
                0x080008d4                EXTI6_IRQHandler
                0x080008d4                LPTIM1_IRQHandler
                0x080008d4                DCMI_PSSI_IRQHandler
                0x080008d4                I2C4_ER_IRQHandler
                0x080008d4                ICACHE_IRQHandler
                0x080008d4                SAI1_IRQHandler
                0x080008d4                EXTI2_IRQHandler
 *fill*         0x080008d6        0x2 
 .text.HAL_Init
                0x080008d8       0x50 ./Drivers/STM32H5xx_HAL_Driver/Src/stm32h5xx_hal.o
                0x080008d8                HAL_Init
 .text.HAL_InitTick
                0x08000928       0xec ./Drivers/STM32H5xx_HAL_Driver/Src/stm32h5xx_hal.o
                0x08000928                HAL_InitTick
 .text.HAL_IncTick
                0x08000a14       0x28 ./Drivers/STM32H5xx_HAL_Driver/Src/stm32h5xx_hal.o
                0x08000a14                HAL_IncTick
 .text.HAL_GetTick
                0x08000a3c       0x18 ./Drivers/STM32H5xx_HAL_Driver/Src/stm32h5xx_hal.o
                0x08000a3c                HAL_GetTick
 .text.__NVIC_SetPriorityGrouping
                0x08000a54       0x48 ./Drivers/STM32H5xx_HAL_Driver/Src/stm32h5xx_hal_cortex.o
 .text.__NVIC_GetPriorityGrouping
                0x08000a9c       0x1c ./Drivers/STM32H5xx_HAL_Driver/Src/stm32h5xx_hal_cortex.o
 .text.__NVIC_EnableIRQ
                0x08000ab8       0x3c ./Drivers/STM32H5xx_HAL_Driver/Src/stm32h5xx_hal_cortex.o
 .text.__NVIC_SetPriority
                0x08000af4       0x54 ./Drivers/STM32H5xx_HAL_Driver/Src/stm32h5xx_hal_cortex.o
 .text.NVIC_EncodePriority
                0x08000b48       0x66 ./Drivers/STM32H5xx_HAL_Driver/Src/stm32h5xx_hal_cortex.o
 .text.HAL_NVIC_SetPriorityGrouping
                0x08000bae       0x16 ./Drivers/STM32H5xx_HAL_Driver/Src/stm32h5xx_hal_cortex.o
                0x08000bae                HAL_NVIC_SetPriorityGrouping
 .text.HAL_NVIC_SetPriority
                0x08000bc4       0x34 ./Drivers/STM32H5xx_HAL_Driver/Src/stm32h5xx_hal_cortex.o
                0x08000bc4                HAL_NVIC_SetPriority
 .text.HAL_NVIC_EnableIRQ
                0x08000bf8       0x1c ./Drivers/STM32H5xx_HAL_Driver/Src/stm32h5xx_hal_cortex.o
                0x08000bf8                HAL_NVIC_EnableIRQ
 .text.HAL_SYSTICK_Config
                0x08000c14       0x44 ./Drivers/STM32H5xx_HAL_Driver/Src/stm32h5xx_hal_cortex.o
                0x08000c14                HAL_SYSTICK_Config
 .text.HAL_SYSTICK_CLKSourceConfig
                0x08000c58       0xb0 ./Drivers/STM32H5xx_HAL_Driver/Src/stm32h5xx_hal_cortex.o
                0x08000c58                HAL_SYSTICK_CLKSourceConfig
 .text.HAL_SYSTICK_GetCLKSourceConfig
                0x08000d08       0x6c ./Drivers/STM32H5xx_HAL_Driver/Src/stm32h5xx_hal_cortex.o
                0x08000d08                HAL_SYSTICK_GetCLKSourceConfig
 .text.HAL_MPU_Enable
                0x08000d74       0x44 ./Drivers/STM32H5xx_HAL_Driver/Src/stm32h5xx_hal_cortex.o
                0x08000d74                HAL_MPU_Enable
 .text.HAL_MPU_Disable
                0x08000db8       0x40 ./Drivers/STM32H5xx_HAL_Driver/Src/stm32h5xx_hal_cortex.o
                0x08000db8                HAL_MPU_Disable
 .text.HAL_MPU_ConfigRegion
                0x08000df8       0x1c ./Drivers/STM32H5xx_HAL_Driver/Src/stm32h5xx_hal_cortex.o
                0x08000df8                HAL_MPU_ConfigRegion
 .text.HAL_MPU_ConfigMemoryAttributes
                0x08000e14       0x1c ./Drivers/STM32H5xx_HAL_Driver/Src/stm32h5xx_hal_cortex.o
                0x08000e14                HAL_MPU_ConfigMemoryAttributes
 .text.MPU_ConfigRegion
                0x08000e30       0x6e ./Drivers/STM32H5xx_HAL_Driver/Src/stm32h5xx_hal_cortex.o
 .text.MPU_ConfigMemoryAttributes
                0x08000e9e       0x6c ./Drivers/STM32H5xx_HAL_Driver/Src/stm32h5xx_hal_cortex.o
 *fill*         0x08000f0a        0x2 
 .text.HAL_FDCAN_Init
                0x08000f0c      0x2b4 ./Drivers/STM32H5xx_HAL_Driver/Src/stm32h5xx_hal_fdcan.o
                0x08000f0c                HAL_FDCAN_Init
 .text.HAL_FDCAN_IRQHandler
                0x080011c0      0x266 ./Drivers/STM32H5xx_HAL_Driver/Src/stm32h5xx_hal_fdcan.o
                0x080011c0                HAL_FDCAN_IRQHandler
 .text.HAL_FDCAN_TxEventFifoCallback
                0x08001426       0x16 ./Drivers/STM32H5xx_HAL_Driver/Src/stm32h5xx_hal_fdcan.o
                0x08001426                HAL_FDCAN_TxEventFifoCallback
 .text.HAL_FDCAN_RxFifo0Callback
                0x0800143c       0x16 ./Drivers/STM32H5xx_HAL_Driver/Src/stm32h5xx_hal_fdcan.o
                0x0800143c                HAL_FDCAN_RxFifo0Callback
 .text.HAL_FDCAN_RxFifo1Callback
                0x08001452       0x16 ./Drivers/STM32H5xx_HAL_Driver/Src/stm32h5xx_hal_fdcan.o
                0x08001452                HAL_FDCAN_RxFifo1Callback
 .text.HAL_FDCAN_TxFifoEmptyCallback
                0x08001468       0x14 ./Drivers/STM32H5xx_HAL_Driver/Src/stm32h5xx_hal_fdcan.o
                0x08001468                HAL_FDCAN_TxFifoEmptyCallback
 .text.HAL_FDCAN_TxBufferCompleteCallback
                0x0800147c       0x16 ./Drivers/STM32H5xx_HAL_Driver/Src/stm32h5xx_hal_fdcan.o
                0x0800147c                HAL_FDCAN_TxBufferCompleteCallback
 .text.HAL_FDCAN_TxBufferAbortCallback
                0x08001492       0x16 ./Drivers/STM32H5xx_HAL_Driver/Src/stm32h5xx_hal_fdcan.o
                0x08001492                HAL_FDCAN_TxBufferAbortCallback
 .text.HAL_FDCAN_TimestampWraparoundCallback
                0x080014a8       0x14 ./Drivers/STM32H5xx_HAL_Driver/Src/stm32h5xx_hal_fdcan.o
                0x080014a8                HAL_FDCAN_TimestampWraparoundCallback
 .text.HAL_FDCAN_TimeoutOccurredCallback
                0x080014bc       0x14 ./Drivers/STM32H5xx_HAL_Driver/Src/stm32h5xx_hal_fdcan.o
                0x080014bc                HAL_FDCAN_TimeoutOccurredCallback
 .text.HAL_FDCAN_HighPriorityMessageCallback
                0x080014d0       0x14 ./Drivers/STM32H5xx_HAL_Driver/Src/stm32h5xx_hal_fdcan.o
                0x080014d0                HAL_FDCAN_HighPriorityMessageCallback
 .text.HAL_FDCAN_ErrorCallback
                0x080014e4       0x14 ./Drivers/STM32H5xx_HAL_Driver/Src/stm32h5xx_hal_fdcan.o
                0x080014e4                HAL_FDCAN_ErrorCallback
 .text.HAL_FDCAN_ErrorStatusCallback
                0x080014f8       0x16 ./Drivers/STM32H5xx_HAL_Driver/Src/stm32h5xx_hal_fdcan.o
                0x080014f8                HAL_FDCAN_ErrorStatusCallback
 *fill*         0x0800150e        0x2 
 .text.FDCAN_CalcultateRamBlockAddresses
                0x08001510       0xc4 ./Drivers/STM32H5xx_HAL_Driver/Src/stm32h5xx_hal_fdcan.o
 .text.HAL_GPIO_Init
                0x080015d4      0x2bc ./Drivers/STM32H5xx_HAL_Driver/Src/stm32h5xx_hal_gpio.o
                0x080015d4                HAL_GPIO_Init
 .text.HAL_GPIO_WritePin
                0x08001890       0x30 ./Drivers/STM32H5xx_HAL_Driver/Src/stm32h5xx_hal_gpio.o
                0x08001890                HAL_GPIO_WritePin
 .text.HAL_ICACHE_ConfigAssociativityMode
                0x080018c0       0x40 ./Drivers/STM32H5xx_HAL_Driver/Src/stm32h5xx_hal_icache.o
                0x080018c0                HAL_ICACHE_ConfigAssociativityMode
 .text.HAL_ICACHE_Enable
                0x08001900       0x20 ./Drivers/STM32H5xx_HAL_Driver/Src/stm32h5xx_hal_icache.o
                0x08001900                HAL_ICACHE_Enable
 .text.HAL_RCC_OscConfig
                0x08001920      0x870 ./Drivers/STM32H5xx_HAL_Driver/Src/stm32h5xx_hal_rcc.o
                0x08001920                HAL_RCC_OscConfig
 .text.HAL_RCC_ClockConfig
                0x08002190      0x370 ./Drivers/STM32H5xx_HAL_Driver/Src/stm32h5xx_hal_rcc.o
                0x08002190                HAL_RCC_ClockConfig
 .text.HAL_RCC_GetSysClockFreq
                0x08002500      0x258 ./Drivers/STM32H5xx_HAL_Driver/Src/stm32h5xx_hal_rcc.o
                0x08002500                HAL_RCC_GetSysClockFreq
 .text.HAL_RCC_GetHCLKFreq
                0x08002758       0x38 ./Drivers/STM32H5xx_HAL_Driver/Src/stm32h5xx_hal_rcc.o
                0x08002758                HAL_RCC_GetHCLKFreq
 .text.HAL_RCCEx_PeriphCLKConfig
                0x08002790     0x1f18 ./Drivers/STM32H5xx_HAL_Driver/Src/stm32h5xx_hal_rcc_ex.o
                0x08002790                HAL_RCCEx_PeriphCLKConfig
 .text.RCCEx_PLL2_Config
                0x080046a8      0x130 ./Drivers/STM32H5xx_HAL_Driver/Src/stm32h5xx_hal_rcc_ex.o
 .text.RCCEx_PLL3_Config
                0x080047d8      0x130 ./Drivers/STM32H5xx_HAL_Driver/Src/stm32h5xx_hal_rcc_ex.o
 .text.memset   0x08004908       0x10 /Applications/STM32CubeIDE.app/Contents/Eclipse/plugins/com.st.stm32cube.ide.mcu.externaltools.gnu-tools-for-stm32.13.3.rel1.macos64_1.0.100.202509120712/tools/bin/../lib/gcc/arm-none-eabi/13.3.1/../../../../arm-none-eabi/lib/thumb/v8-m.main+fp/hard/libc_nano.a(libc_a-memset.o)
                0x08004908                memset
 .text.__libc_init_array
                0x08004918       0x48 /Applications/STM32CubeIDE.app/Contents/Eclipse/plugins/com.st.stm32cube.ide.mcu.externaltools.gnu-tools-for-stm32.13.3.rel1.macos64_1.0.100.202509120712/tools/bin/../lib/gcc/arm-none-eabi/13.3.1/../../../../arm-none-eabi/lib/thumb/v8-m.main+fp/hard/libc_nano.a(libc_a-init.o)
                0x08004918                __libc_init_array
 *(.glue_7)
 .glue_7        0x08004960        0x0 linker stubs
 *(.glue_7t)
 .glue_7t       0x08004960        0x0 linker stubs
 *(.eh_frame)
 .eh_frame      0x08004960        0x0 /Applications/STM32CubeIDE.app/Contents/Eclipse/plugins/com.st.stm32cube.ide.mcu.externaltools.gnu-tools-for-stm32.13.3.rel1.macos64_1.0.100.202509120712/tools/bin/../lib/gcc/arm-none-eabi/13.3.1/thumb/v8-m.main+fp/hard/crtbegin.o
 *(.init)
 .init          0x08004960        0x4 /Applications/STM32CubeIDE.app/Contents/Eclipse/plugins/com.st.stm32cube.ide.mcu.externaltools.gnu-tools-for-stm32.13.3.rel1.macos64_1.0.100.202509120712/tools/bin/../lib/gcc/arm-none-eabi/13.3.1/thumb/v8-m.main+fp/hard/crti.o
                0x08004960                _init
 .init          0x08004964        0x8 /Applications/STM32CubeIDE.app/Contents/Eclipse/plugins/com.st.stm32cube.ide.mcu.externaltools.gnu-tools-for-stm32.13.3.rel1.macos64_1.0.100.202509120712/tools/bin/../lib/gcc/arm-none-eabi/13.3.1/thumb/v8-m.main+fp/hard/crtn.o
 *(.fini)
 .fini          0x0800496c        0x4 /Applications/STM32CubeIDE.app/Contents/Eclipse/plugins/com.st.stm32cube.ide.mcu.externaltools.gnu-tools-for-stm32.13.3.rel1.macos64_1.0.100.202509120712/tools/bin/../lib/gcc/arm-none-eabi/13.3.1/thumb/v8-m.main+fp/hard/crti.o
                0x0800496c                _fini
 .fini          0x08004970        0x8 /Applications/STM32CubeIDE.app/Contents/Eclipse/plugins/com.st.stm32cube.ide.mcu.externaltools.gnu-tools-for-stm32.13.3.rel1.macos64_1.0.100.202509120712/tools/bin/../lib/gcc/arm-none-eabi/13.3.1/thumb/v8-m.main+fp/hard/crtn.o
                0x08004978                        . = ALIGN (0x4)
                0x08004978                        _etext = .

.vfp11_veneer   0x08004978        0x0
 .vfp11_veneer  0x08004978        0x0 linker stubs

.v4_bx          0x08004978        0x0
 .v4_bx         0x08004978        0x0 linker stubs

.iplt           0x08004978        0x0
 .iplt          0x08004978        0x0 /Applications/STM32CubeIDE.app/Contents/Eclipse/plugins/com.st.stm32cube.ide.mcu.externaltools.gnu-tools-for-stm32.13.3.rel1.macos64_1.0.100.202509120712/tools/bin/../lib/gcc/arm-none-eabi/13.3.1/thumb/v8-m.main+fp/hard/crtbegin.o

.rodata         0x08004978       0x10
                0x08004978                        . = ALIGN (0x4)
 *(.rodata)
 *(.rodata*)
 .rodata.AHBPrescTable
                0x08004978       0x10 ./Core/Src/system_stm32h5xx.o
                0x08004978                AHBPrescTable
                0x08004988                        . = ALIGN (0x4)

.ARM.extab      0x08004988        0x0
                0x08004988                        . = ALIGN (0x4)
 *(.ARM.extab* .gnu.linkonce.armextab.*)
                0x08004988                        . = ALIGN (0x4)

.ARM            0x08004988        0x0
                0x08004988                        . = ALIGN (0x4)
                0x08004988                        __exidx_start = .
 *(.ARM.exidx*)
                0x08004988                        __exidx_end = .
                0x08004988                        . = ALIGN (0x4)

.preinit_array  0x08004988        0x0
                0x08004988                        . = ALIGN (0x4)
                0x08004988                        PROVIDE (__preinit_array_start = .)
 *(.preinit_array*)
                0x08004988                        PROVIDE (__preinit_array_end = .)
                0x08004988                        . = ALIGN (0x4)

.init_array     0x08004988        0x4
                0x08004988                        . = ALIGN (0x4)
                0x08004988                        PROVIDE (__init_array_start = .)
 *(SORT_BY_NAME(.init_array.*))
 *(.init_array*)
 .init_array    0x08004988        0x4 /Applications/STM32CubeIDE.app/Contents/Eclipse/plugins/com.st.stm32cube.ide.mcu.externaltools.gnu-tools-for-stm32.13.3.rel1.macos64_1.0.100.202509120712/tools/bin/../lib/gcc/arm-none-eabi/13.3.1/thumb/v8-m.main+fp/hard/crtbegin.o
                0x0800498c                        PROVIDE (__init_array_end = .)
                0x0800498c                        . = ALIGN (0x4)

.fini_array     0x0800498c        0x4
                0x0800498c                        . = ALIGN (0x4)
                [!provide]                        PROVIDE (__fini_array_start = .)
 *(SORT_BY_NAME(.fini_array.*))
 *(.fini_array*)
 .fini_array    0x0800498c        0x4 /Applications/STM32CubeIDE.app/Contents/Eclipse/plugins/com.st.stm32cube.ide.mcu.externaltools.gnu-tools-for-stm32.13.3.rel1.macos64_1.0.100.202509120712/tools/bin/../lib/gcc/arm-none-eabi/13.3.1/thumb/v8-m.main+fp/hard/crtbegin.o
                [!provide]                        PROVIDE (__fini_array_end = .)
                0x08004990                        . = ALIGN (0x4)
                0x08004990                        _sidata = LOADADDR (.data)

.rel.dyn        0x08004990        0x0
 .rel.iplt      0x08004990        0x0 /Applications/STM32CubeIDE.app/Contents/Eclipse/plugins/com.st.stm32cube.ide.mcu.externaltools.gnu-tools-for-stm32.13.3.rel1.macos64_1.0.100.202509120712/tools/bin/../lib/gcc/arm-none-eabi/13.3.1/thumb/v8-m.main+fp/hard/crtbegin.o

.data           0x20000000        0xc load address 0x08004990
                0x20000000                        . = ALIGN (0x4)
                0x20000000                        _sdata = .
 *(.data)
 *(.data*)
 .data.SystemCoreClock
                0x20000000        0x4 ./Core/Src/system_stm32h5xx.o
                0x20000000                SystemCoreClock
 .data.uwTickPrio
                0x20000004        0x4 ./Drivers/STM32H5xx_HAL_Driver/Src/stm32h5xx_hal.o
                0x20000004                uwTickPrio
 .data.uwTickFreq
                0x20000008        0x1 ./Drivers/STM32H5xx_HAL_Driver/Src/stm32h5xx_hal.o
                0x20000008                uwTickFreq
 *(.RamFunc)
 *(.RamFunc*)
                0x2000000c                        . = ALIGN (0x4)
 *fill*         0x20000009        0x3 
                0x2000000c                        _edata = .

.igot.plt       0x2000000c        0x0 load address 0x0800499c
 .igot.plt      0x2000000c        0x0 /Applications/STM32CubeIDE.app/Contents/Eclipse/plugins/com.st.stm32cube.ide.mcu.externaltools.gnu-tools-for-stm32.13.3.rel1.macos64_1.0.100.202509120712/tools/bin/../lib/gcc/arm-none-eabi/13.3.1/thumb/v8-m.main+fp/hard/crtbegin.o
                0x2000000c                        . = ALIGN (0x4)

.bss            0x2000000c       0x84 load address 0x0800499c
                0x2000000c                        _sbss = .
                0x2000000c                        __bss_start__ = _sbss
 *(.bss)
 .bss           0x2000000c       0x1c /Applications/STM32CubeIDE.app/Contents/Eclipse/plugins/com.st.stm32cube.ide.mcu.externaltools.gnu-tools-for-stm32.13.3.rel1.macos64_1.0.100.202509120712/tools/bin/../lib/gcc/arm-none-eabi/13.3.1/thumb/v8-m.main+fp/hard/crtbegin.o
 *(.bss*)
 .bss.hfdcan1   0x20000028       0x64 ./Core/Src/main.o
                0x20000028                hfdcan1
 .bss.uwTick    0x2000008c        0x4 ./Drivers/STM32H5xx_HAL_Driver/Src/stm32h5xx_hal.o
                0x2000008c                uwTick
 *(COMMON)
                0x20000090                        . = ALIGN (0x4)
                0x20000090                        _ebss = .
                0x20000090                        __bss_end__ = _ebss

._user_heap_stack
                0x20000090      0x600 load address 0x0800499c
                0x20000090                        . = ALIGN (0x8)
                [!provide]                        PROVIDE (end = .)
                0x20000090                        PROVIDE (_end = .)
                0x20000290                        . = (. + _Min_Heap_Size)
 *fill*         0x20000090      0x200 
                0x20000690                        . = (. + _Min_Stack_Size)
 *fill*         0x20000290      0x400 
                0x20000690                        . = ALIGN (0x8)

/DISCARD/
 libc.a(*)
 libm.a(*)
 libgcc.a(*)

.ARM.attributes
                0x00000000       0x36
 *(.ARM.attributes)
 .ARM.attributes
                0x00000000       0x26 /Applications/STM32CubeIDE.app/Contents/Eclipse/plugins/com.st.stm32cube.ide.mcu.externaltools.gnu-tools-for-stm32.13.3.rel1.macos64_1.0.100.202509120712/tools/bin/../lib/gcc/arm-none-eabi/13.3.1/thumb/v8-m.main+fp/hard/crti.o
 .ARM.attributes
                0x00000026       0x38 /Applications/STM32CubeIDE.app/Contents/Eclipse/plugins/com.st.stm32cube.ide.mcu.externaltools.gnu-tools-for-stm32.13.3.rel1.macos64_1.0.100.202509120712/tools/bin/../lib/gcc/arm-none-eabi/13.3.1/thumb/v8-m.main+fp/hard/crtbegin.o
 .ARM.attributes
                0x0000005e       0x3a ./Core/Src/main.o
 .ARM.attributes
                0x00000098       0x3a ./Core/Src/stm32h5xx_hal_msp.o
 .ARM.attributes
                0x000000d2       0x3a ./Core/Src/stm32h5xx_it.o
 .ARM.attributes
                0x0000010c       0x3a ./Core/Src/system_stm32h5xx.o
 .ARM.attributes
                0x00000146       0x24 ./Core/Startup/startup_stm32h563ritx.o
 .ARM.attributes
                0x0000016a       0x3a ./Drivers/STM32H5xx_HAL_Driver/Src/stm32h5xx_hal.o
 .ARM.attributes
                0x000001a4       0x3a ./Drivers/STM32H5xx_HAL_Driver/Src/stm32h5xx_hal_cortex.o
 .ARM.attributes
                0x000001de       0x3a ./Drivers/STM32H5xx_HAL_Driver/Src/stm32h5xx_hal_fdcan.o
 .ARM.attributes
                0x00000218       0x3a ./Drivers/STM32H5xx_HAL_Driver/Src/stm32h5xx_hal_gpio.o
 .ARM.attributes
                0x00000252       0x3a ./Drivers/STM32H5xx_HAL_Driver/Src/stm32h5xx_hal_icache.o
 .ARM.attributes
                0x0000028c       0x3a ./Drivers/STM32H5xx_HAL_Driver/Src/stm32h5xx_hal_rcc.o
 .ARM.attributes
                0x000002c6       0x3a ./Drivers/STM32H5xx_HAL_Driver/Src/stm32h5xx_hal_rcc_ex.o
 .ARM.attributes
                0x00000300       0x38 /Applications/STM32CubeIDE.app/Contents/Eclipse/plugins/com.st.stm32cube.ide.mcu.externaltools.gnu-tools-for-stm32.13.3.rel1.macos64_1.0.100.202509120712/tools/bin/../lib/gcc/arm-none-eabi/13.3.1/../../../../arm-none-eabi/lib/thumb/v8-m.main+fp/hard/libc_nano.a(libc_a-memset.o)
 .ARM.attributes
                0x00000338       0x38 /Applications/STM32CubeIDE.app/Contents/Eclipse/plugins/com.st.stm32cube.ide.mcu.externaltools.gnu-tools-for-stm32.13.3.rel1.macos64_1.0.100.202509120712/tools/bin/../lib/gcc/arm-none-eabi/13.3.1/../../../../arm-none-eabi/lib/thumb/v8-m.main+fp/hard/libc_nano.a(libc_a-init.o)
 .ARM.attributes
                0x00000370       0x26 /Applications/STM32CubeIDE.app/Contents/Eclipse/plugins/com.st.stm32cube.ide.mcu.externaltools.gnu-tools-for-stm32.13.3.rel1.macos64_1.0.100.202509120712/tools/bin/../lib/gcc/arm-none-eabi/13.3.1/thumb/v8-m.main+fp/hard/crtn.o
OUTPUT(prototyping.elf elf32-littlearm)
LOAD linker stubs
LOAD /Applications/STM32CubeIDE.app/Contents/Eclipse/plugins/com.st.stm32cube.ide.mcu.externaltools.gnu-tools-for-stm32.13.3.rel1.macos64_1.0.100.202509120712/tools/bin/../lib/gcc/arm-none-eabi/13.3.1/../../../../arm-none-eabi/lib/thumb/v8-m.main+fp/hard/libc.a
LOAD /Applications/STM32CubeIDE.app/Contents/Eclipse/plugins/com.st.stm32cube.ide.mcu.externaltools.gnu-tools-for-stm32.13.3.rel1.macos64_1.0.100.202509120712/tools/bin/../lib/gcc/arm-none-eabi/13.3.1/../../../../arm-none-eabi/lib/thumb/v8-m.main+fp/hard/libm.a
LOAD /Applications/STM32CubeIDE.app/Contents/Eclipse/plugins/com.st.stm32cube.ide.mcu.externaltools.gnu-tools-for-stm32.13.3.rel1.macos64_1.0.100.202509120712/tools/bin/../lib/gcc/arm-none-eabi/13.3.1/thumb/v8-m.main+fp/hard/libgcc.a

.debug_info     0x00000000     0xae96
 .debug_info    0x00000000     0x155c ./Core/Src/main.o
 .debug_info    0x0000155c     0x1334 ./Core/Src/stm32h5xx_hal_msp.o
 .debug_info    0x00002890      0x62f ./Core/Src/stm32h5xx_it.o
 .debug_info    0x00002ebf      0xd8e ./Core/Src/system_stm32h5xx.o
 .debug_info    0x00003c4d       0x30 ./Core/Startup/startup_stm32h563ritx.o
 .debug_info    0x00003c7d     0x139f ./Drivers/STM32H5xx_HAL_Driver/Src/stm32h5xx_hal.o
 .debug_info    0x0000501c     0x1658 ./Drivers/STM32H5xx_HAL_Driver/Src/stm32h5xx_hal_cortex.o
 .debug_info    0x00006674     0x1920 ./Drivers/STM32H5xx_HAL_Driver/Src/stm32h5xx_hal_fdcan.o
 .debug_info    0x00007f94      0x6b6 ./Drivers/STM32H5xx_HAL_Driver/Src/stm32h5xx_hal_gpio.o
 .debug_info    0x0000864a      0x4d6 ./Drivers/STM32H5xx_HAL_Driver/Src/stm32h5xx_hal_icache.o
 .debug_info    0x00008b20     0x109f ./Drivers/STM32H5xx_HAL_Driver/Src/stm32h5xx_hal_rcc.o
 .debug_info    0x00009bbf     0x12d7 ./Drivers/STM32H5xx_HAL_Driver/Src/stm32h5xx_hal_rcc_ex.o

.debug_abbrev   0x00000000     0x1811
 .debug_abbrev  0x00000000      0x2ae ./Core/Src/main.o
 .debug_abbrev  0x000002ae      0x1e4 ./Core/Src/stm32h5xx_hal_msp.o
 .debug_abbrev  0x00000492      0x15a ./Core/Src/stm32h5xx_it.o
 .debug_abbrev  0x000005ec      0x13a ./Core/Src/system_stm32h5xx.o
 .debug_abbrev  0x00000726       0x24 ./Core/Startup/startup_stm32h563ritx.o
 .debug_abbrev  0x0000074a      0x2af ./Drivers/STM32H5xx_HAL_Driver/Src/stm32h5xx_hal.o
 .debug_abbrev  0x000009f9      0x311 ./Drivers/STM32H5xx_HAL_Driver/Src/stm32h5xx_hal_cortex.o
 .debug_abbrev  0x00000d0a      0x20b ./Drivers/STM32H5xx_HAL_Driver/Src/stm32h5xx_hal_fdcan.o
 .debug_abbrev  0x00000f15      0x1db ./Drivers/STM32H5xx_HAL_Driver/Src/stm32h5xx_hal_gpio.o
 .debug_abbrev  0x000010f0      0x228 ./Drivers/STM32H5xx_HAL_Driver/Src/stm32h5xx_hal_icache.o
 .debug_abbrev  0x00001318      0x290 ./Drivers/STM32H5xx_HAL_Driver/Src/stm32h5xx_hal_rcc.o
 .debug_abbrev  0x000015a8      0x269 ./Drivers/STM32H5xx_HAL_Driver/Src/stm32h5xx_hal_rcc_ex.o

.debug_aranges  0x00000000      0x948
 .debug_aranges
                0x00000000       0x50 ./Core/Src/main.o
 .debug_aranges
                0x00000050       0x30 ./Core/Src/stm32h5xx_hal_msp.o
 .debug_aranges
                0x00000080       0x68 ./Core/Src/stm32h5xx_it.o
 .debug_aranges
                0x000000e8       0x28 ./Core/Src/system_stm32h5xx.o
 .debug_aranges
                0x00000110       0x28 ./Core/Startup/startup_stm32h563ritx.o
 .debug_aranges
                0x00000138      0x200 ./Drivers/STM32H5xx_HAL_Driver/Src/stm32h5xx_hal.o
 .debug_aranges
                0x00000338      0x140 ./Drivers/STM32H5xx_HAL_Driver/Src/stm32h5xx_hal_cortex.o
 .debug_aranges
                0x00000478      0x208 ./Drivers/STM32H5xx_HAL_Driver/Src/stm32h5xx_hal_fdcan.o
 .debug_aranges
                0x00000680       0x78 ./Drivers/STM32H5xx_HAL_Driver/Src/stm32h5xx_hal_gpio.o
 .debug_aranges
                0x000006f8       0xa8 ./Drivers/STM32H5xx_HAL_Driver/Src/stm32h5xx_hal_icache.o
 .debug_aranges
                0x000007a0       0xa0 ./Drivers/STM32H5xx_HAL_Driver/Src/stm32h5xx_hal_rcc.o
 .debug_aranges
                0x00000840      0x108 ./Drivers/STM32H5xx_HAL_Driver/Src/stm32h5xx_hal_rcc_ex.o

.debug_rnglists
                0x00000000      0x6e6
 .debug_rnglists
                0x00000000       0x3a ./Core/Src/main.o
 .debug_rnglists
                0x0000003a       0x20 ./Core/Src/stm32h5xx_hal_msp.o
 .debug_rnglists
                0x0000005a       0x49 ./Core/Src/stm32h5xx_it.o
 .debug_rnglists
                0x000000a3       0x1b ./Core/Src/system_stm32h5xx.o
 .debug_rnglists
                0x000000be       0x19 ./Core/Startup/startup_stm32h563ritx.o
 .debug_rnglists
                0x000000d7      0x17d ./Drivers/STM32H5xx_HAL_Driver/Src/stm32h5xx_hal.o
 .debug_rnglists
                0x00000254       0xec ./Drivers/STM32H5xx_HAL_Driver/Src/stm32h5xx_hal_cortex.o
 .debug_rnglists
                0x00000340      0x18d ./Drivers/STM32H5xx_HAL_Driver/Src/stm32h5xx_hal_fdcan.o
 .debug_rnglists
                0x000004cd       0x57 ./Drivers/STM32H5xx_HAL_Driver/Src/stm32h5xx_hal_gpio.o
 .debug_rnglists
                0x00000524       0x7a ./Drivers/STM32H5xx_HAL_Driver/Src/stm32h5xx_hal_icache.o
 .debug_rnglists
                0x0000059e       0x79 ./Drivers/STM32H5xx_HAL_Driver/Src/stm32h5xx_hal_rcc.o
 .debug_rnglists
                0x00000617       0xcf ./Drivers/STM32H5xx_HAL_Driver/Src/stm32h5xx_hal_rcc_ex.o

.debug_macro    0x00000000    0x2fc73
 .debug_macro   0x00000000      0x268 ./Core/Src/main.o
 .debug_macro   0x00000268      0xade ./Core/Src/main.o
 .debug_macro   0x00000d46      0x1ee ./Core/Src/main.o
 .debug_macro   0x00000f34       0x22 ./Core/Src/main.o
 .debug_macro   0x00000f56       0x5b ./Core/Src/main.o
 .debug_macro   0x00000fb1       0x2a ./Core/Src/main.o
 .debug_macro   0x00000fdb       0x94 ./Core/Src/main.o
 .debug_macro   0x0000106f       0x43 ./Core/Src/main.o
 .debug_macro   0x000010b2       0x34 ./Core/Src/main.o
 .debug_macro   0x000010e6      0x190 ./Core/Src/main.o
 .debug_macro   0x00001276       0x57 ./Core/Src/main.o
 .debug_macro   0x000012cd      0x370 ./Core/Src/main.o
 .debug_macro   0x0000163d       0x16 ./Core/Src/main.o
 .debug_macro   0x00001653       0x4a ./Core/Src/main.o
 .debug_macro   0x0000169d       0x34 ./Core/Src/main.o
 .debug_macro   0x000016d1       0x10 ./Core/Src/main.o
 .debug_macro   0x000016e1       0x58 ./Core/Src/main.o
 .debug_macro   0x00001739       0x8e ./Core/Src/main.o
 .debug_macro   0x000017c7       0x1c ./Core/Src/main.o
 .debug_macro   0x000017e3      0x185 ./Core/Src/main.o
 .debug_macro   0x00001968      0x19b ./Core/Src/main.o
 .debug_macro   0x00001b03       0x28 ./Core/Src/main.o
 .debug_macro   0x00001b2b       0x49 ./Core/Src/main.o
 .debug_macro   0x00001b74      0x103 ./Core/Src/main.o
 .debug_macro   0x00001c77       0x6a ./Core/Src/main.o
 .debug_macro   0x00001ce1      0x1df ./Core/Src/main.o
 .debug_macro   0x00001ec0       0x1c ./Core/Src/main.o
 .debug_macro   0x00001edc       0x29 ./Core/Src/main.o
 .debug_macro   0x00001f05       0xfb ./Core/Src/main.o
 .debug_macro   0x00002000     0x1685 ./Core/Src/main.o
 .debug_macro   0x00003685       0x5e ./Core/Src/main.o
 .debug_macro   0x000036e3    0x2108f ./Core/Src/main.o
 .debug_macro   0x00024772       0x6d ./Core/Src/main.o
 .debug_macro   0x000247df     0x3891 ./Core/Src/main.o
 .debug_macro   0x00028070       0x63 ./Core/Src/main.o
 .debug_macro   0x000280d3     0x1f0d ./Core/Src/main.o
 .debug_macro   0x00029fe0      0xe96 ./Core/Src/main.o
 .debug_macro   0x0002ae76      0x166 ./Core/Src/main.o
 .debug_macro   0x0002afdc      0x30b ./Core/Src/main.o
 .debug_macro   0x0002b2e7       0xca ./Core/Src/main.o
 .debug_macro   0x0002b3b1      0x917 ./Core/Src/main.o
 .debug_macro   0x0002bcc8      0x478 ./Core/Src/main.o
 .debug_macro   0x0002c140       0xd6 ./Core/Src/main.o
 .debug_macro   0x0002c216      0x1cd ./Core/Src/main.o
 .debug_macro   0x0002c3e3      0x55b ./Core/Src/main.o
 .debug_macro   0x0002c93e      0x646 ./Core/Src/main.o
 .debug_macro   0x0002cf84       0x7b ./Core/Src/main.o
 .debug_macro   0x0002cfff      0x313 ./Core/Src/main.o
 .debug_macro   0x0002d312      0x1bb ./Core/Src/main.o
 .debug_macro   0x0002d4cd      0x2ae ./Core/Src/main.o
 .debug_macro   0x0002d77b      0x6bd ./Core/Src/main.o
 .debug_macro   0x0002de38      0x47e ./Core/Src/main.o
 .debug_macro   0x0002e2b6       0x10 ./Core/Src/main.o
 .debug_macro   0x0002e2c6      0x268 ./Core/Src/stm32h5xx_hal_msp.o
 .debug_macro   0x0002e52e      0x272 ./Core/Src/stm32h5xx_it.o
 .debug_macro   0x0002e7a0      0x260 ./Core/Src/system_stm32h5xx.o
 .debug_macro   0x0002ea00      0x28f ./Drivers/STM32H5xx_HAL_Driver/Src/stm32h5xx_hal.o
 .debug_macro   0x0002ec8f      0x259 ./Drivers/STM32H5xx_HAL_Driver/Src/stm32h5xx_hal_cortex.o
 .debug_macro   0x0002eee8      0x36b ./Drivers/STM32H5xx_HAL_Driver/Src/stm32h5xx_hal_fdcan.o
 .debug_macro   0x0002f253      0x28f ./Drivers/STM32H5xx_HAL_Driver/Src/stm32h5xx_hal_gpio.o
 .debug_macro   0x0002f4e2      0x28b ./Drivers/STM32H5xx_HAL_Driver/Src/stm32h5xx_hal_icache.o
 .debug_macro   0x0002f76d      0x29b ./Drivers/STM32H5xx_HAL_Driver/Src/stm32h5xx_hal_rcc.o
 .debug_macro   0x0002fa08      0x26b ./Drivers/STM32H5xx_HAL_Driver/Src/stm32h5xx_hal_rcc_ex.o

.debug_line     0x00000000     0xb3b9
 .debug_line    0x00000000      0x967 ./Core/Src/main.o
 .debug_line    0x00000967      0x868 ./Core/Src/stm32h5xx_hal_msp.o
 .debug_line    0x000011cf      0x8b3 ./Core/Src/stm32h5xx_it.o
 .debug_line    0x00001a82      0x979 ./Core/Src/system_stm32h5xx.o
 .debug_line    0x000023fb       0x7d ./Core/Startup/startup_stm32h563ritx.o
 .debug_line    0x00002478      0xf10 ./Drivers/STM32H5xx_HAL_Driver/Src/stm32h5xx_hal.o
 .debug_line    0x00003388      0xe3f ./Drivers/STM32H5xx_HAL_Driver/Src/stm32h5xx_hal_cortex.o
 .debug_line    0x000041c7     0x196f ./Drivers/STM32H5xx_HAL_Driver/Src/stm32h5xx_hal_fdcan.o
 .debug_line    0x00005b36      0xbf9 ./Drivers/STM32H5xx_HAL_Driver/Src/stm32h5xx_hal_gpio.o
 .debug_line    0x0000672f      0xae2 ./Drivers/STM32H5xx_HAL_Driver/Src/stm32h5xx_hal_icache.o
 .debug_line    0x00007211     0x1388 ./Drivers/STM32H5xx_HAL_Driver/Src/stm32h5xx_hal_rcc.o
 .debug_line    0x00008599     0x2e20 ./Drivers/STM32H5xx_HAL_Driver/Src/stm32h5xx_hal_rcc_ex.o

.debug_str      0x00000000   0x12ef48
 .debug_str     0x00000000   0x12ef48 ./Core/Src/main.o
                             0x12b057 (size before relaxing)
 .debug_str     0x0012ef48        0x0 ./Core/Src/stm32h5xx_hal_msp.o
                             0x12b63b (size before relaxing)
 .debug_str     0x0012ef48        0x0 ./Core/Src/stm32h5xx_it.o
                             0x12a7c8 (size before relaxing)
 .debug_str     0x0012ef48        0x0 ./Core/Src/system_stm32h5xx.o
                             0x12a9c5 (size before relaxing)
 .debug_str     0x0012ef48        0x0 ./Core/Startup/startup_stm32h563ritx.o
                                 0x8f (size before relaxing)
 .debug_str     0x0012ef48        0x0 ./Drivers/STM32H5xx_HAL_Driver/Src/stm32h5xx_hal.o
                             0x12b815 (size before relaxing)
 .debug_str     0x0012ef48        0x0 ./Drivers/STM32H5xx_HAL_Driver/Src/stm32h5xx_hal_cortex.o
                             0x12b3a0 (size before relaxing)
 .debug_str     0x0012ef48        0x0 ./Drivers/STM32H5xx_HAL_Driver/Src/stm32h5xx_hal_fdcan.o
                             0x12bb25 (size before relaxing)
 .debug_str     0x0012ef48        0x0 ./Drivers/STM32H5xx_HAL_Driver/Src/stm32h5xx_hal_gpio.o
                             0x12a72a (size before relaxing)
 .debug_str     0x0012ef48        0x0 ./Drivers/STM32H5xx_HAL_Driver/Src/stm32h5xx_hal_icache.o
                             0x12aa53 (size before relaxing)
 .debug_str     0x0012ef48        0x0 ./Drivers/STM32H5xx_HAL_Driver/Src/stm32h5xx_hal_rcc.o
                             0x12af0a (size before relaxing)
 .debug_str     0x0012ef48        0x0 ./Drivers/STM32H5xx_HAL_Driver/Src/stm32h5xx_hal_rcc_ex.o
                             0x12b254 (size before relaxing)

.comment        0x00000000       0x43
 .comment       0x00000000       0x43 ./Core/Src/main.o
                                 0x44 (size before relaxing)
 .comment       0x00000043        0x0 ./Core/Src/stm32h5xx_hal_msp.o
                                 0x44 (size before relaxing)
 .comment       0x00000043        0x0 ./Core/Src/stm32h5xx_it.o
                                 0x44 (size before relaxing)
 .comment       0x00000043        0x0 ./Core/Src/system_stm32h5xx.o
                                 0x44 (size before relaxing)
 .comment       0x00000043        0x0 ./Drivers/STM32H5xx_HAL_Driver/Src/stm32h5xx_hal.o
                                 0x44 (size before relaxing)
 .comment       0x00000043        0x0 ./Drivers/STM32H5xx_HAL_Driver/Src/stm32h5xx_hal_cortex.o
                                 0x44 (size before relaxing)
 .comment       0x00000043        0x0 ./Drivers/STM32H5xx_HAL_Driver/Src/stm32h5xx_hal_fdcan.o
                                 0x44 (size before relaxing)
 .comment       0x00000043        0x0 ./Drivers/STM32H5xx_HAL_Driver/Src/stm32h5xx_hal_gpio.o
                                 0x44 (size before relaxing)
 .comment       0x00000043        0x0 ./Drivers/STM32H5xx_HAL_Driver/Src/stm32h5xx_hal_icache.o
                                 0x44 (size before relaxing)
 .comment       0x00000043        0x0 ./Drivers/STM32H5xx_HAL_Driver/Src/stm32h5xx_hal_rcc.o
                                 0x44 (size before relaxing)
 .comment       0x00000043        0x0 ./Drivers/STM32H5xx_HAL_Driver/Src/stm32h5xx_hal_rcc_ex.o
                                 0x44 (size before relaxing)

.debug_frame    0x00000000     0x25c4
 .debug_frame   0x00000000       0xe8 ./Core/Src/main.o
 .debug_frame   0x000000e8       0x7c ./Core/Src/stm32h5xx_hal_msp.o
 .debug_frame   0x00000164      0x120 ./Core/Src/stm32h5xx_it.o
 .debug_frame   0x00000284       0x60 ./Core/Src/system_stm32h5xx.o
 .debug_frame   0x000002e4      0x828 ./Drivers/STM32H5xx_HAL_Driver/Src/stm32h5xx_hal.o
 .debug_frame   0x00000b0c      0x560 ./Drivers/STM32H5xx_HAL_Driver/Src/stm32h5xx_hal_cortex.o
 .debug_frame   0x0000106c      0x9b0 ./Drivers/STM32H5xx_HAL_Driver/Src/stm32h5xx_hal_fdcan.o
 .debug_frame   0x00001a1c      0x1ec ./Drivers/STM32H5xx_HAL_Driver/Src/stm32h5xx_hal_gpio.o
 .debug_frame   0x00001c08      0x298 ./Drivers/STM32H5xx_HAL_Driver/Src/stm32h5xx_hal_icache.o
 .debug_frame   0x00001ea0      0x268 ./Drivers/STM32H5xx_HAL_Driver/Src/stm32h5xx_hal_rcc.o
 .debug_frame   0x00002108      0x470 ./Drivers/STM32H5xx_HAL_Driver/Src/stm32h5xx_hal_rcc_ex.o
 .debug_frame   0x00002578       0x20 /Applications/STM32CubeIDE.app/Contents/Eclipse/plugins/com.st.stm32cube.ide.mcu.externaltools.gnu-tools-for-stm32.13.3.rel1.macos64_1.0.100.202509120712/tools/bin/../lib/gcc/arm-none-eabi/13.3.1/../../../../arm-none-eabi/lib/thumb/v8-m.main+fp/hard/libc_nano.a(libc_a-memset.o)
 .debug_frame   0x00002598       0x2c /Applications/STM32CubeIDE.app/Contents/Eclipse/plugins/com.st.stm32cube.ide.mcu.externaltools.gnu-tools-for-stm32.13.3.rel1.macos64_1.0.100.202509120712/tools/bin/../lib/gcc/arm-none-eabi/13.3.1/../../../../arm-none-eabi/lib/thumb/v8-m.main+fp/hard/libc_nano.a(libc_a-init.o)

.debug_line_str
                0x00000000       0x73
 .debug_line_str
                0x00000000       0x73 ./Core/Startup/startup_stm32h563ritx.o
