../Drivers/STM32H5xx_HAL_Driver/Src/stm32h5xx_hal_flash_ex.c:168:19:HAL_FLASHEx_Erase	32	static
../Drivers/STM32H5xx_HAL_Driver/Src/stm32h5xx_hal_flash_ex.c:256:19:HAL_FLASHEx_Erase_IT	24	static
../Drivers/STM32H5xx_HAL_Driver/Src/stm32h5xx_hal_flash_ex.c:335:19:HAL_FLASHEx_OBProgram	24	static
../Drivers/STM32H5xx_HAL_Driver/Src/stm32h5xx_hal_flash_ex.c:445:6:HAL_FLASHEx_OBGetConfig	16	static
../Drivers/STM32H5xx_HAL_Driver/Src/stm32h5xx_hal_flash_ex.c:498:19:HAL_FLASHEx_OBK_Unlock	16	static
../Drivers/STM32H5xx_HAL_Driver/Src/stm32h5xx_hal_flash_ex.c:537:19:HAL_FLASHEx_OBK_Lock	16	static
../Drivers/STM32H5xx_HAL_Driver/Src/stm32h5xx_hal_flash_ex.c:571:19:HAL_FLASHEx_OBK_Swap	24	static
../Drivers/STM32H5xx_HAL_Driver/Src/stm32h5xx_hal_flash_ex.c:603:19:HAL_FLASHEx_OBK_Swap_IT	24	static
../Drivers/STM32H5xx_HAL_Driver/Src/stm32h5xx_hal_flash_ex.c:637:6:HAL_FLASHEx_GetOperation	24	static
../Drivers/STM32H5xx_HAL_Driver/Src/stm32h5xx_hal_flash_ex.c:678:19:HAL_FLASHEx_ConfigBBAttributes	24	static,ignoring_inline_asm
../Drivers/STM32H5xx_HAL_Driver/Src/stm32h5xx_hal_flash_ex.c:752:6:HAL_FLASHEx_GetConfigBBAttributes	24	static
../Drivers/STM32H5xx_HAL_Driver/Src/stm32h5xx_hal_flash_ex.c:807:6:HAL_FLASHEx_ConfigPrivMode	16	static
../Drivers/STM32H5xx_HAL_Driver/Src/stm32h5xx_hal_flash_ex.c:828:10:HAL_FLASHEx_GetPrivMode	4	static
../Drivers/STM32H5xx_HAL_Driver/Src/stm32h5xx_hal_flash_ex.c:899:19:HAL_FLASHEx_ConfigHDPExtension	16	static
../Drivers/STM32H5xx_HAL_Driver/Src/stm32h5xx_hal_flash_ex.c:945:13:FLASH_MassErase	24	static
../Drivers/STM32H5xx_HAL_Driver/Src/stm32h5xx_hal_flash_ex.c:992:6:FLASH_Erase_Sector	24	static
../Drivers/STM32H5xx_HAL_Driver/Src/stm32h5xx_hal_flash_ex.c:1028:13:FLASH_OBKErase	16	static
../Drivers/STM32H5xx_HAL_Driver/Src/stm32h5xx_hal_flash_ex.c:1053:13:FLASH_OB_EnableWRP	24	static
../Drivers/STM32H5xx_HAL_Driver/Src/stm32h5xx_hal_flash_ex.c:1114:13:FLASH_OB_DisableWRP	24	static
../Drivers/STM32H5xx_HAL_Driver/Src/stm32h5xx_hal_flash_ex.c:1179:13:FLASH_OB_GetWRP	40	static
../Drivers/STM32H5xx_HAL_Driver/Src/stm32h5xx_hal_flash_ex.c:1248:13:FLASH_OB_ProdStateConfig	16	static
../Drivers/STM32H5xx_HAL_Driver/Src/stm32h5xx_hal_flash_ex.c:1262:17:FLASH_OB_GetProdState	4	static
../Drivers/STM32H5xx_HAL_Driver/Src/stm32h5xx_hal_flash_ex.c:1292:13:FLASH_OB_UserConfig	40	static
../Drivers/STM32H5xx_HAL_Driver/Src/stm32h5xx_hal_flash_ex.c:1576:13:FLASH_OB_GetUser	16	static
../Drivers/STM32H5xx_HAL_Driver/Src/stm32h5xx_hal_flash_ex.c:1593:13:FLASH_OB_BootAddrConfig	16	static
../Drivers/STM32H5xx_HAL_Driver/Src/stm32h5xx_hal_flash_ex.c:1629:13:FLASH_OB_BootLockConfig	16	static
../Drivers/STM32H5xx_HAL_Driver/Src/stm32h5xx_hal_flash_ex.c:1667:13:FLASH_OB_GetBootConfig	24	static
../Drivers/STM32H5xx_HAL_Driver/Src/stm32h5xx_hal_flash_ex.c:1693:13:FLASH_OB_OTP_LockConfig	16	static
../Drivers/STM32H5xx_HAL_Driver/Src/stm32h5xx_hal_flash_ex.c:1704:17:FLASH_OB_OTP_GetLock	4	static
../Drivers/STM32H5xx_HAL_Driver/Src/stm32h5xx_hal_flash_ex.c:1802:13:FLASH_OB_HDPConfig	24	static
../Drivers/STM32H5xx_HAL_Driver/Src/stm32h5xx_hal_flash_ex.c:1837:13:FLASH_OB_GetHDP	32	static
../Drivers/STM32H5xx_HAL_Driver/Src/stm32h5xx_hal_flash_ex.c:1881:13:FLASH_OB_EDATAConfig	16	static
../Drivers/STM32H5xx_HAL_Driver/Src/stm32h5xx_hal_flash_ex.c:1931:13:FLASH_OB_GetEDATA	24	static
../Drivers/STM32H5xx_HAL_Driver/Src/stm32h5xx_hal_flash_ex.c:1983:6:HAL_FLASHEx_EnableEccCorrectionInterrupt	4	static
../Drivers/STM32H5xx_HAL_Driver/Src/stm32h5xx_hal_flash_ex.c:1992:6:HAL_FLASHEx_DisableEccCorrectionInterrupt	4	static
../Drivers/STM32H5xx_HAL_Driver/Src/stm32h5xx_hal_flash_ex.c:2005:6:HAL_FLASHEx_GetEccInfo	32	static
../Drivers/STM32H5xx_HAL_Driver/Src/stm32h5xx_hal_flash_ex.c:2109:6:HAL_FLASHEx_ECCD_IRQHandler	8	static
../Drivers/STM32H5xx_HAL_Driver/Src/stm32h5xx_hal_flash_ex.c:2128:13:HAL_FLASHEx_EccCorrectionCallback	4	static
../Drivers/STM32H5xx_HAL_Driver/Src/stm32h5xx_hal_flash_ex.c:2139:13:HAL_FLASHEx_EccDetectionCallback	4	static
