../Drivers/STM32H5xx_HAL_Driver/Src/stm32h5xx_hal_icache.c:171:19:HAL_ICACHE_ConfigAssociativityMode	24	static
../Drivers/STM32H5xx_HAL_Driver/Src/stm32h5xx_hal_icache.c:195:19:HAL_ICACHE_DeInit	4	static
../Drivers/STM32H5xx_HAL_Driver/Src/stm32h5xx_hal_icache.c:230:19:HAL_ICACHE_Enable	4	static
../Drivers/STM32H5xx_HAL_Driver/Src/stm32h5xx_hal_icache.c:243:19:HAL_ICACHE_Disable	16	static
../Drivers/STM32H5xx_HAL_Driver/Src/stm32h5xx_hal_icache.c:278:10:HAL_ICACHE_IsEnabled	4	static
../Drivers/STM32H5xx_HAL_Driver/Src/stm32h5xx_hal_icache.c:289:19:HAL_ICACHE_Invalidate	16	static
../Drivers/STM32H5xx_HAL_Driver/Src/stm32h5xx_hal_icache.c:313:19:HAL_ICACHE_Invalidate_IT	16	static
../Drivers/STM32H5xx_HAL_Driver/Src/stm32h5xx_hal_icache.c:342:19:HAL_ICACHE_WaitForInvalidateComplete	16	static
../Drivers/STM32H5xx_HAL_Driver/Src/stm32h5xx_hal_icache.c:384:19:HAL_ICACHE_Monitor_Start	16	static
../Drivers/STM32H5xx_HAL_Driver/Src/stm32h5xx_hal_icache.c:404:19:HAL_ICACHE_Monitor_Stop	16	static
../Drivers/STM32H5xx_HAL_Driver/Src/stm32h5xx_hal_icache.c:423:19:HAL_ICACHE_Monitor_Reset	16	static
../Drivers/STM32H5xx_HAL_Driver/Src/stm32h5xx_hal_icache.c:440:10:HAL_ICACHE_Monitor_GetHitValue	4	static
../Drivers/STM32H5xx_HAL_Driver/Src/stm32h5xx_hal_icache.c:450:10:HAL_ICACHE_Monitor_GetMissValue	4	static
../Drivers/STM32H5xx_HAL_Driver/Src/stm32h5xx_hal_icache.c:480:6:HAL_ICACHE_IRQHandler	16	static
../Drivers/STM32H5xx_HAL_Driver/Src/stm32h5xx_hal_icache.c:516:13:HAL_ICACHE_InvalidateCompleteCallback	4	static
../Drivers/STM32H5xx_HAL_Driver/Src/stm32h5xx_hal_icache.c:526:13:HAL_ICACHE_ErrorCallback	4	static
../Drivers/STM32H5xx_HAL_Driver/Src/stm32h5xx_hal_icache.c:560:20:HAL_ICACHE_EnableRemapRegion	32	static
../Drivers/STM32H5xx_HAL_Driver/Src/stm32h5xx_hal_icache.c:615:20:HAL_ICACHE_DisableRemapRegion	24	static
