../Drivers/STM32H5xx_HAL_Driver/Src/stm32h5xx_hal_rcc.c:259:19:HAL_RCC_DeInit	16	static
../Drivers/STM32H5xx_HAL_Driver/Src/stm32h5xx_hal_rcc.c:460:19:HAL_RCC_OscConfig	40	static
../Drivers/STM32H5xx_HAL_Driver/Src/stm32h5xx_hal_rcc.c:1032:19:HAL_RCC_ClockConfig	24	static
../Drivers/STM32H5xx_HAL_Driver/Src/stm32h5xx_hal_rcc.c:1311:6:HAL_RCC_MCOConfig	56	static
../Drivers/STM32H5xx_HAL_Driver/Src/stm32h5xx_hal_rcc.c:1390:10:HAL_RCC_GetSysClockFreq	40	static
../Drivers/STM32H5xx_HAL_Driver/Src/stm32h5xx_hal_rcc.c:1496:10:HAL_RCC_GetHCLKFreq	8	static
../Drivers/STM32H5xx_HAL_Driver/Src/stm32h5xx_hal_rcc.c:1511:10:HAL_RCC_GetPCLK1Freq	8	static
../Drivers/STM32H5xx_HAL_Driver/Src/stm32h5xx_hal_rcc.c:1523:10:HAL_RCC_GetPCLK2Freq	8	static
../Drivers/STM32H5xx_HAL_Driver/Src/stm32h5xx_hal_rcc.c:1535:10:HAL_RCC_GetPCLK3Freq	8	static
../Drivers/STM32H5xx_HAL_Driver/Src/stm32h5xx_hal_rcc.c:1547:6:HAL_RCC_GetOscConfig	32	static
../Drivers/STM32H5xx_HAL_Driver/Src/stm32h5xx_hal_rcc.c:1624:6:HAL_RCC_GetClockConfig	24	static
../Drivers/STM32H5xx_HAL_Driver/Src/stm32h5xx_hal_rcc.c:1662:10:HAL_RCC_GetResetSource	16	static
../Drivers/STM32H5xx_HAL_Driver/Src/stm32h5xx_hal_rcc.c:1685:6:HAL_RCC_EnableCSS	4	static
../Drivers/STM32H5xx_HAL_Driver/Src/stm32h5xx_hal_rcc.c:1695:6:HAL_RCC_NMI_IRQHandler	8	static
../Drivers/STM32H5xx_HAL_Driver/Src/stm32h5xx_hal_rcc.c:1712:13:HAL_RCC_CSSCallback	4	static
../Drivers/STM32H5xx_HAL_Driver/Src/stm32h5xx_hal_rcc.c:1761:6:HAL_RCC_ConfigAttributes	16	static
../Drivers/STM32H5xx_HAL_Driver/Src/stm32h5xx_hal_rcc.c:1841:19:HAL_RCC_GetConfigAttributes	24	static
