../Drivers/CMSIS/Include/core_cm33.h:2359:22:__NVIC_SetPriorityGrouping	24	static
../Drivers/CMSIS/Include/core_cm33.h:2378:26:__NVIC_GetPriorityGrouping	4	static
../Drivers/CMSIS/Include/core_cm33.h:2390:22:__NVIC_EnableIRQ	16	static,ignoring_inline_asm
../Drivers/CMSIS/Include/core_cm33.h:2428:22:__NVIC_DisableIRQ	16	static,ignoring_inline_asm
../Drivers/CMSIS/Include/core_cm33.h:2447:26:__NVIC_GetPendingIRQ	16	static
../Drivers/CMSIS/Include/core_cm33.h:2466:22:__NVIC_SetPendingIRQ	16	static
../Drivers/CMSIS/Include/core_cm33.h:2481:22:__NVIC_ClearPendingIRQ	16	static
../Drivers/CMSIS/Include/core_cm33.h:2498:26:__NVIC_GetActive	16	static
../Drivers/CMSIS/Include/core_cm33.h:2587:22:__NVIC_SetPriority	16	static
../Drivers/CMSIS/Include/core_cm33.h:2609:26:__NVIC_GetPriority	16	static
../Drivers/CMSIS/Include/core_cm33.h:2634:26:NVIC_EncodePriority	40	static
../Drivers/CMSIS/Include/core_cm33.h:2661:22:NVIC_DecodePriority	40	static
../Drivers/CMSIS/Include/core_cm33.h:2711:34:__NVIC_SystemReset	4	static,ignoring_inline_asm
../Drivers/STM32H5xx_HAL_Driver/Src/stm32h5xx_hal_cortex.c:188:6:HAL_NVIC_SetPriorityGrouping	16	static
../Drivers/STM32H5xx_HAL_Driver/Src/stm32h5xx_hal_cortex.c:211:6:HAL_NVIC_SetPriority	32	static
../Drivers/STM32H5xx_HAL_Driver/Src/stm32h5xx_hal_cortex.c:234:6:HAL_NVIC_EnableIRQ	16	static
../Drivers/STM32H5xx_HAL_Driver/Src/stm32h5xx_hal_cortex.c:251:6:HAL_NVIC_DisableIRQ	16	static
../Drivers/STM32H5xx_HAL_Driver/Src/stm32h5xx_hal_cortex.c:264:6:HAL_NVIC_SystemReset	8	static
../Drivers/STM32H5xx_HAL_Driver/Src/stm32h5xx_hal_cortex.c:274:10:HAL_NVIC_GetPriorityGrouping	8	static
../Drivers/STM32H5xx_HAL_Driver/Src/stm32h5xx_hal_cortex.c:302:6:HAL_NVIC_GetPriority	24	static
../Drivers/STM32H5xx_HAL_Driver/Src/stm32h5xx_hal_cortex.c:319:6:HAL_NVIC_SetPendingIRQ	16	static
../Drivers/STM32H5xx_HAL_Driver/Src/stm32h5xx_hal_cortex.c:335:10:HAL_NVIC_GetPendingIRQ	16	static
../Drivers/STM32H5xx_HAL_Driver/Src/stm32h5xx_hal_cortex.c:349:6:HAL_NVIC_ClearPendingIRQ	16	static
../Drivers/STM32H5xx_HAL_Driver/Src/stm32h5xx_hal_cortex.c:364:10:HAL_NVIC_GetActive	16	static
../Drivers/STM32H5xx_HAL_Driver/Src/stm32h5xx_hal_cortex.c:397:10:HAL_SYSTICK_Config	16	static
../Drivers/STM32H5xx_HAL_Driver/Src/stm32h5xx_hal_cortex.c:428:6:HAL_SYSTICK_CLKSourceConfig	16	static
../Drivers/STM32H5xx_HAL_Driver/Src/stm32h5xx_hal_cortex.c:467:10:HAL_SYSTICK_GetCLKSourceConfig	16	static
../Drivers/STM32H5xx_HAL_Driver/Src/stm32h5xx_hal_cortex.c:509:6:HAL_SYSTICK_IRQHandler	8	static
../Drivers/STM32H5xx_HAL_Driver/Src/stm32h5xx_hal_cortex.c:518:13:HAL_SYSTICK_Callback	4	static
../Drivers/STM32H5xx_HAL_Driver/Src/stm32h5xx_hal_cortex.c:555:6:HAL_MPU_Enable	16	static,ignoring_inline_asm
../Drivers/STM32H5xx_HAL_Driver/Src/stm32h5xx_hal_cortex.c:604:6:HAL_MPU_Disable	4	static,ignoring_inline_asm
../Drivers/STM32H5xx_HAL_Driver/Src/stm32h5xx_hal_cortex.c:648:6:HAL_MPU_EnableRegion	16	static
../Drivers/STM32H5xx_HAL_Driver/Src/stm32h5xx_hal_cortex.c:686:6:HAL_MPU_DisableRegion	16	static
../Drivers/STM32H5xx_HAL_Driver/Src/stm32h5xx_hal_cortex.c:724:6:HAL_MPU_ConfigRegion	16	static
../Drivers/STM32H5xx_HAL_Driver/Src/stm32h5xx_hal_cortex.c:748:6:HAL_MPU_ConfigMemoryAttributes	16	static
../Drivers/STM32H5xx_HAL_Driver/Src/stm32h5xx_hal_cortex.c:787:13:MPU_ConfigRegion	16	static,ignoring_inline_asm
../Drivers/STM32H5xx_HAL_Driver/Src/stm32h5xx_hal_cortex.c:828:13:MPU_ConfigMemoryAttributes	32	static,ignoring_inline_asm
