../Drivers/STM32H5xx_HAL_Driver/Src/stm32h5xx_hal_flash.c:165:19:HAL_FLASH_Program	40	static
../Drivers/STM32H5xx_HAL_Driver/Src/stm32h5xx_hal_flash.c:271:19:HAL_FLASH_Program_IT	32	static
../Drivers/STM32H5xx_HAL_Driver/Src/stm32h5xx_hal_flash.c:368:6:HAL_FLASH_IRQHandler	32	static
../Drivers/STM32H5xx_HAL_Driver/Src/stm32h5xx_hal_flash.c:508:13:HAL_FLASH_EndOfOperationCallback	16	static
../Drivers/STM32H5xx_HAL_Driver/Src/stm32h5xx_hal_flash.c:526:13:HAL_FLASH_OperationErrorCallback	16	static
../Drivers/STM32H5xx_HAL_Driver/Src/stm32h5xx_hal_flash.c:559:19:HAL_FLASH_Unlock	16	static
../Drivers/STM32H5xx_HAL_Driver/Src/stm32h5xx_hal_flash.c:601:19:HAL_FLASH_Lock	16	static
../Drivers/STM32H5xx_HAL_Driver/Src/stm32h5xx_hal_flash.c:635:19:HAL_FLASH_OB_Unlock	4	static
../Drivers/STM32H5xx_HAL_Driver/Src/stm32h5xx_hal_flash.c:657:19:HAL_FLASH_OB_Lock	4	static
../Drivers/STM32H5xx_HAL_Driver/Src/stm32h5xx_hal_flash.c:675:19:HAL_FLASH_OB_Launch	16	static
../Drivers/STM32H5xx_HAL_Driver/Src/stm32h5xx_hal_flash.c:739:10:HAL_FLASH_GetError	4	static
../Drivers/STM32H5xx_HAL_Driver/Src/stm32h5xx_hal_flash.c:763:19:FLASH_WaitForLastOperation	32	static
../Drivers/STM32H5xx_HAL_Driver/Src/stm32h5xx_hal_flash.c:843:13:FLASH_Program_QuadWord	48	static,ignoring_inline_asm
../Drivers/STM32H5xx_HAL_Driver/Src/stm32h5xx_hal_flash.c:885:13:FLASH_Program_QuadWord_OBK	48	static,ignoring_inline_asm
../Drivers/STM32H5xx_HAL_Driver/Src/stm32h5xx_hal_flash.c:928:13:FLASH_Program_HalfWord	24	static
../Drivers/STM32H5xx_HAL_Driver/Src/stm32h5xx_hal_flash.c:953:13:FLASH_Program_Word	24	static
