../Drivers/STM32H5xx_HAL_Driver/Src/stm32h5xx_hal_rcc_ex.c:167:19:HAL_RCCEx_PeriphCLKConfig	384	static
../Drivers/STM32H5xx_HAL_Driver/Src/stm32h5xx_hal_rcc_ex.c:2902:6:HAL_RCCEx_GetPeriphCLKConfig	224	static
../Drivers/STM32H5xx_HAL_Driver/Src/stm32h5xx_hal_rcc_ex.c:3310:6:HAL_RCCEx_GetPLL1ClockFreq	48	static
../Drivers/STM32H5xx_HAL_Driver/Src/stm32h5xx_hal_rcc_ex.c:3447:6:HAL_RCCEx_GetPLL2ClockFreq	48	static
../Drivers/STM32H5xx_HAL_Driver/Src/stm32h5xx_hal_rcc_ex.c:3581:6:HAL_RCCEx_GetPLL3ClockFreq	48	static
../Drivers/STM32H5xx_HAL_Driver/Src/stm32h5xx_hal_rcc_ex.c:3762:10:HAL_RCCEx_GetPeriphCLKFreq	72	static
../Drivers/STM32H5xx_HAL_Driver/Src/stm32h5xx_hal_rcc_ex.c:6325:19:HAL_RCCEx_EnablePLL2	24	static
../Drivers/STM32H5xx_HAL_Driver/Src/stm32h5xx_hal_rcc_ex.c:6413:19:HAL_RCCEx_DisablePLL2	16	static
../Drivers/STM32H5xx_HAL_Driver/Src/stm32h5xx_hal_rcc_ex.c:6449:19:HAL_RCCEx_EnablePLL3	24	static
../Drivers/STM32H5xx_HAL_Driver/Src/stm32h5xx_hal_rcc_ex.c:6538:19:HAL_RCCEx_DisablePLL3	16	static
../Drivers/STM32H5xx_HAL_Driver/Src/stm32h5xx_hal_rcc_ex.c:6577:6:HAL_RCCEx_WakeUpStopCLKConfig	16	static
../Drivers/STM32H5xx_HAL_Driver/Src/stm32h5xx_hal_rcc_ex.c:6592:6:HAL_RCCEx_KerWakeUpStopCLKConfig	16	static
../Drivers/STM32H5xx_HAL_Driver/Src/stm32h5xx_hal_rcc_ex.c:6606:6:HAL_RCCEx_EnableLSECSS	4	static
../Drivers/STM32H5xx_HAL_Driver/Src/stm32h5xx_hal_rcc_ex.c:6616:6:HAL_RCCEx_DisableLSECSS	4	static
../Drivers/STM32H5xx_HAL_Driver/Src/stm32h5xx_hal_rcc_ex.c:6625:6:HAL_RCCEx_LSECSS_IRQHandler	8	static
../Drivers/STM32H5xx_HAL_Driver/Src/stm32h5xx_hal_rcc_ex.c:6638:13:HAL_RCCEx_LSECSS_Callback	4	static
../Drivers/STM32H5xx_HAL_Driver/Src/stm32h5xx_hal_rcc_ex.c:6653:6:HAL_RCCEx_EnableLSCO	24	static
../Drivers/STM32H5xx_HAL_Driver/Src/stm32h5xx_hal_rcc_ex.c:6679:6:HAL_RCCEx_DisableLSCO	16	static
../Drivers/STM32H5xx_HAL_Driver/Src/stm32h5xx_hal_rcc_ex.c:6776:6:HAL_RCCEx_CRSConfig	24	static
../Drivers/STM32H5xx_HAL_Driver/Src/stm32h5xx_hal_rcc_ex.c:6818:6:HAL_RCCEx_CRSSoftwareSynchronizationGenerate	4	static
../Drivers/STM32H5xx_HAL_Driver/Src/stm32h5xx_hal_rcc_ex.c:6828:6:HAL_RCCEx_CRSGetSynchronizationInfo	16	static
../Drivers/STM32H5xx_HAL_Driver/Src/stm32h5xx_hal_rcc_ex.c:6861:10:HAL_RCCEx_CRSWaitSynchronization	24	static
../Drivers/STM32H5xx_HAL_Driver/Src/stm32h5xx_hal_rcc_ex.c:6944:6:HAL_RCCEx_CRS_IRQHandler	24	static
../Drivers/STM32H5xx_HAL_Driver/Src/stm32h5xx_hal_rcc_ex.c:7009:13:HAL_RCCEx_CRS_SyncOkCallback	4	static
../Drivers/STM32H5xx_HAL_Driver/Src/stm32h5xx_hal_rcc_ex.c:7020:13:HAL_RCCEx_CRS_SyncWarnCallback	4	static
../Drivers/STM32H5xx_HAL_Driver/Src/stm32h5xx_hal_rcc_ex.c:7031:13:HAL_RCCEx_CRS_ExpectedSyncCallback	4	static
../Drivers/STM32H5xx_HAL_Driver/Src/stm32h5xx_hal_rcc_ex.c:7047:13:HAL_RCCEx_CRS_ErrorCallback	16	static
../Drivers/STM32H5xx_HAL_Driver/Src/stm32h5xx_hal_rcc_ex.c:7076:26:RCCEx_PLLSource_Enable	24	static
../Drivers/STM32H5xx_HAL_Driver/Src/stm32h5xx_hal_rcc_ex.c:7164:26:RCCEx_PLL2_Config	24	static
../Drivers/STM32H5xx_HAL_Driver/Src/stm32h5xx_hal_rcc_ex.c:7246:26:RCCEx_PLL3_Config	24	static
