../Drivers/STM32H5xx_HAL_Driver/Src/stm32h5xx_hal.c:143:19:HAL_Init	8	static
../Drivers/STM32H5xx_HAL_Driver/Src/stm32h5xx_hal.c:177:19:HAL_DeInit	8	static
../Drivers/STM32H5xx_HAL_Driver/Src/stm32h5xx_hal.c:211:13:HAL_MspInit	4	static
../Drivers/STM32H5xx_HAL_Driver/Src/stm32h5xx_hal.c:222:13:HAL_MspDeInit	4	static
../Drivers/STM32H5xx_HAL_Driver/Src/stm32h5xx_hal.c:245:26:HAL_InitTick	24	static
../Drivers/STM32H5xx_HAL_Driver/Src/stm32h5xx_hal.c:335:13:HAL_IncTick	4	static
../Drivers/STM32H5xx_HAL_Driver/Src/stm32h5xx_hal.c:346:17:HAL_GetTick	4	static
../Drivers/STM32H5xx_HAL_Driver/Src/stm32h5xx_hal.c:355:10:HAL_GetTickPrio	4	static
../Drivers/STM32H5xx_HAL_Driver/Src/stm32h5xx_hal.c:364:19:HAL_SetTickFreq	24	static
../Drivers/STM32H5xx_HAL_Driver/Src/stm32h5xx_hal.c:397:21:HAL_GetTickFreq	4	static
../Drivers/STM32H5xx_HAL_Driver/Src/stm32h5xx_hal.c:413:13:HAL_Delay	24	static
../Drivers/STM32H5xx_HAL_Driver/Src/stm32h5xx_hal.c:439:13:HAL_SuspendTick	4	static
../Drivers/STM32H5xx_HAL_Driver/Src/stm32h5xx_hal.c:455:13:HAL_ResumeTick	4	static
../Drivers/STM32H5xx_HAL_Driver/Src/stm32h5xx_hal.c:465:10:HAL_GetHalVersion	4	static
../Drivers/STM32H5xx_HAL_Driver/Src/stm32h5xx_hal.c:474:10:HAL_GetREVID	4	static
../Drivers/STM32H5xx_HAL_Driver/Src/stm32h5xx_hal.c:483:10:HAL_GetDEVID	4	static
../Drivers/STM32H5xx_HAL_Driver/Src/stm32h5xx_hal.c:492:10:HAL_GetUIDw0	4	static
../Drivers/STM32H5xx_HAL_Driver/Src/stm32h5xx_hal.c:501:10:HAL_GetUIDw1	4	static
../Drivers/STM32H5xx_HAL_Driver/Src/stm32h5xx_hal.c:510:10:HAL_GetUIDw2	4	static
../Drivers/STM32H5xx_HAL_Driver/Src/stm32h5xx_hal.c:539:6:HAL_DBGMCU_EnableDBGStopMode	4	static
../Drivers/STM32H5xx_HAL_Driver/Src/stm32h5xx_hal.c:548:6:HAL_DBGMCU_DisableDBGStopMode	4	static
../Drivers/STM32H5xx_HAL_Driver/Src/stm32h5xx_hal.c:557:6:HAL_DBGMCU_EnableDBGStandbyMode	4	static
../Drivers/STM32H5xx_HAL_Driver/Src/stm32h5xx_hal.c:566:6:HAL_DBGMCU_DisableDBGStandbyMode	4	static
../Drivers/STM32H5xx_HAL_Driver/Src/stm32h5xx_hal.c:605:6:HAL_VREFBUF_VoltageScalingConfig	16	static
../Drivers/STM32H5xx_HAL_Driver/Src/stm32h5xx_hal.c:621:6:HAL_VREFBUF_HighImpedanceConfig	16	static
../Drivers/STM32H5xx_HAL_Driver/Src/stm32h5xx_hal.c:633:6:HAL_VREFBUF_TrimmingConfig	16	static
../Drivers/STM32H5xx_HAL_Driver/Src/stm32h5xx_hal.c:645:19:HAL_EnableVREFBUF	16	static
../Drivers/STM32H5xx_HAL_Driver/Src/stm32h5xx_hal.c:671:6:HAL_DisableVREFBUF	4	static
../Drivers/STM32H5xx_HAL_Driver/Src/stm32h5xx_hal.c:709:6:HAL_SBS_ETHInterfaceSelect	16	static
../Drivers/STM32H5xx_HAL_Driver/Src/stm32h5xx_hal.c:724:6:HAL_SBS_EnableVddIO1CompensationCell	4	static
../Drivers/STM32H5xx_HAL_Driver/Src/stm32h5xx_hal.c:735:6:HAL_SBS_DisableVddIO1CompensationCell	4	static
../Drivers/STM32H5xx_HAL_Driver/Src/stm32h5xx_hal.c:746:6:HAL_SBS_EnableVddIO2CompensationCell	4	static
../Drivers/STM32H5xx_HAL_Driver/Src/stm32h5xx_hal.c:757:6:HAL_SBS_DisableVddIO2CompensationCell	4	static
../Drivers/STM32H5xx_HAL_Driver/Src/stm32h5xx_hal.c:770:6:HAL_SBS_VDDCompensationCodeSelect	16	static
../Drivers/STM32H5xx_HAL_Driver/Src/stm32h5xx_hal.c:785:6:HAL_SBS_VDDIOCompensationCodeSelect	16	static
../Drivers/STM32H5xx_HAL_Driver/Src/stm32h5xx_hal.c:796:10:HAL_SBS_GetVddIO1CompensationCellReadyFlag	4	static
../Drivers/STM32H5xx_HAL_Driver/Src/stm32h5xx_hal.c:805:10:HAL_SBS_GetVddIO2CompensationCellReadyFlag	4	static
../Drivers/STM32H5xx_HAL_Driver/Src/stm32h5xx_hal.c:820:6:HAL_SBS_VDDCompensationCodeConfig	16	static
../Drivers/STM32H5xx_HAL_Driver/Src/stm32h5xx_hal.c:839:6:HAL_SBS_VDDIOCompensationCodeConfig	16	static
../Drivers/STM32H5xx_HAL_Driver/Src/stm32h5xx_hal.c:852:10:HAL_SBS_GetNMOSVddCompensationValue	4	static
../Drivers/STM32H5xx_HAL_Driver/Src/stm32h5xx_hal.c:861:10:HAL_SBS_GetPMOSVddCompensationValue	4	static
../Drivers/STM32H5xx_HAL_Driver/Src/stm32h5xx_hal.c:870:10:HAL_SBS_GetNMOSVddIO2CompensationValue	4	static
../Drivers/STM32H5xx_HAL_Driver/Src/stm32h5xx_hal.c:880:10:HAL_SBS_GetPMOSVddIO2CompensationValue	4	static
../Drivers/STM32H5xx_HAL_Driver/Src/stm32h5xx_hal.c:890:6:HAL_SBS_FLASH_DisableECCNMI	4	static
../Drivers/STM32H5xx_HAL_Driver/Src/stm32h5xx_hal.c:900:6:HAL_SBS_FLASH_EnableECCNMI	4	static
../Drivers/STM32H5xx_HAL_Driver/Src/stm32h5xx_hal.c:910:10:HAL_SBS_FLASH_ECCNMI_IsDisabled	4	static
../Drivers/STM32H5xx_HAL_Driver/Src/stm32h5xx_hal.c:938:6:HAL_SBS_IncrementHDPLValue	4	static
../Drivers/STM32H5xx_HAL_Driver/Src/stm32h5xx_hal.c:953:10:HAL_SBS_GetHDPLValue	4	static
../Drivers/STM32H5xx_HAL_Driver/Src/stm32h5xx_hal.c:988:6:HAL_SBS_EPOCHSelection	16	static
../Drivers/STM32H5xx_HAL_Driver/Src/stm32h5xx_hal.c:1003:10:HAL_SBS_GetEPOCHSelection	4	static
../Drivers/STM32H5xx_HAL_Driver/Src/stm32h5xx_hal.c:1020:6:HAL_SBS_SetOBKHDPL	16	static
../Drivers/STM32H5xx_HAL_Driver/Src/stm32h5xx_hal.c:1037:10:HAL_SBS_GetOBKHDPL	4	static
../Drivers/STM32H5xx_HAL_Driver/Src/stm32h5xx_hal.c:1071:6:HAL_SBS_OpenAccessPort	4	static
../Drivers/STM32H5xx_HAL_Driver/Src/stm32h5xx_hal.c:1081:6:HAL_SBS_OpenDebug	4	static
../Drivers/STM32H5xx_HAL_Driver/Src/stm32h5xx_hal.c:1094:19:HAL_SBS_ConfigDebugLevel	16	static
../Drivers/STM32H5xx_HAL_Driver/Src/stm32h5xx_hal.c:1116:10:HAL_SBS_GetDebugLevel	4	static
../Drivers/STM32H5xx_HAL_Driver/Src/stm32h5xx_hal.c:1127:6:HAL_SBS_LockDebugConfig	4	static
../Drivers/STM32H5xx_HAL_Driver/Src/stm32h5xx_hal.c:1141:6:HAL_SBS_ConfigDebugSecurity	16	static
../Drivers/STM32H5xx_HAL_Driver/Src/stm32h5xx_hal.c:1153:10:HAL_SBS_GetDebugSecurity	4	static
../Drivers/STM32H5xx_HAL_Driver/Src/stm32h5xx_hal.c:1277:6:HAL_SBS_Lock	16	static
../Drivers/STM32H5xx_HAL_Driver/Src/stm32h5xx_hal.c:1298:19:HAL_SBS_GetLock	24	static
